{
  "version": "1.5.0",
  "plugins_used": [
    {
      "name": "ArtifactoryDetector"
    },
    {
      "name": "AWSKeyDetector"
    },
    {
      "name": "AzureStorageKeyDetector"
    },
    {
      "name": "Base64HighEntropyString",
      "limit": 4.5
    },
    {
      "name": "BasicAuthDetector"
    },
    {
      "name": "CloudantDetector"
    },
    {
      "name": "DiscordBotTokenDetector"
    },
    {
      "name": "GitHubTokenDetector"
    },
    {
      "name": "GitLabTokenDetector"
    },
    {
      "name": "HexHighEntropyString",
      "limit": 3.0
    },
    {
      "name": "IbmCloudIamDetector"
    },
    {
      "name": "IbmCosHmacDetector"
    },
    {
      "name": "IPPublicDetector"
    },
    {
      "name": "JwtTokenDetector"
    },
    {
      "name": "KeywordDetector",
      "keyword_exclude": ""
    },
    {
      "name": "MailchimpDetector"
    },
    {
      "name": "NpmDetector"
    },
    {
      "name": "OpenAIDetector"
    },
    {
      "name": "PrivateKeyDetector"
    },
    {
      "name": "PypiTokenDetector"
    },
    {
      "name": "SendGridDetector"
    },
    {
      "name": "SlackDetector"
    },
    {
      "name": "SoftlayerDetector"
    },
    {
      "name": "SquareOAuthDetector"
    },
    {
      "name": "StripeDetector"
    },
    {
      "name": "TelegramBotTokenDetector"
    },
    {
      "name": "TwilioKeyDetector"
    }
  ],
  "filters_used": [
    {
      "path": "detect_secrets.filters.allowlist.is_line_allowlisted"
    },
    {
      "path": "detect_secrets.filters.common.is_ignored_due_to_verification_policies",
      "min_level": 2
    },
    {
      "path": "detect_secrets.filters.heuristic.is_indirect_reference"
    },
    {
      "path": "detect_secrets.filters.heuristic.is_likely_id_string"
    },
    {
      "path": "detect_secrets.filters.heuristic.is_lock_file"
    },
    {
      "path": "detect_secrets.filters.heuristic.is_not_alphanumeric_string"
    },
    {
      "path": "detect_secrets.filters.heuristic.is_potential_uuid"
    },
    {
      "path": "detect_secrets.filters.heuristic.is_prefixed_with_dollar_sign"
    },
    {
      "path": "detect_secrets.filters.heuristic.is_sequential_string"
    },
    {
      "path": "detect_secrets.filters.heuristic.is_swagger_file"
    },
    {
      "path": "detect_secrets.filters.heuristic.is_templated_secret"
    },
    {
      "path": "detect_secrets.filters.regex.should_exclude_file",
      "pattern": [
        "\\.venv/.*",
        "eval/Cargo\\.lock",
        "eval/target/.*"
      ]
    }
  ],
  "results": {
    "app/web/public/swarm/hunt-aivillage-0000.json": [
      {
        "type": "Hex High Entropy String",
        "line_number": 1,
        "hashed_secret": "2d4e307545c79bf4c8303a460d1d40ae489d2bef",
        "is_secret": false,
        "is_verified": false
      }
    ],
    "app/web/public/swarm/hunt-aivillage-0001.json": [
      {
        "type": "Hex High Entropy String",
        "line_number": 1,
        "hashed_secret": "fa57b5b4080e70ba6948ff0a039d4d7afeeab251",
        "is_secret": false,
        "is_verified": false
      }
    ],
    "app/web/public/swarm/hunt-aivillage-0002.json": [
      {
        "type": "Hex High Entropy String",
        "line_number": 1,
        "hashed_secret": "e9d83468a413f06d149a27b603730b72a2aa09a9",
        "is_secret": false,
        "is_verified": false
      }
    ],
    "app/web/public/swarm/hunt-aivillage-0003.json": [
      {
        "type": "Hex High Entropy String",
        "line_number": 1,
        "hashed_secret": "6606217c940a58ee88fffe5c463b50604a72428f",
        "is_secret": false,
        "is_verified": false
      }
    ],
    "app/web/public/swarm/hunt-aivillage-0004.json": [
      {
        "type": "Hex High Entropy String",
        "line_number": 1,
        "hashed_secret": "38ce68ef2994e563469af1ad346e7b7fec0087ec",
        "is_secret": false,
        "is_verified": false
      }
    ],
    "app/web/public/swarm/hunt-aivillage-0005.json": [
      {
        "type": "Hex High Entropy String",
        "line_number": 1,
        "hashed_secret": "82f206ce0a0974900d845696484d5ff2b8d9de36",
        "is_secret": false,
        "is_verified": false
      }
    ],
    "app/web/public/swarm/hunt-aivillage-0006.json": [
      {
        "type": "Hex High Entropy String",
        "line_number": 1,
        "hashed_secret": "690e7a0aa7dda788fc0a8829b630ec360b67139d",
        "is_secret": false,
        "is_verified": false
      }
    ],
    "app/web/public/swarm/hunt-aivillage-0007.json": [
      {
        "type": "Hex High Entropy String",
        "line_number": 1,
        "hashed_secret": "70781373f034fe85963280c30c99c071a2350333",
        "is_secret": false,
        "is_verified": false
      }
    ],
    "app/web/public/swarm/hunt-aivillage-0008.json": [
      {
        "type": "Hex High Entropy String",
        "line_number": 1,
        "hashed_secret": "4ab980a48e8e9a8342e3f729424d7d7253ffc90a",
        "is_secret": false,
        "is_verified": false
      }
    ],
    "app/web/public/swarm/hunt-aivillage-0009.json": [
      {
        "type": "Hex High Entropy String",
        "line_number": 1,
        "hashed_secret": "3cb14977c88552375416ab9f925f78bd403e985c",
        "is_secret": false,
        "is_verified": false
      }
    ],
    "app/web/public/swarm/hunt-collusion-0000.json": [
      {
        "type": "Hex High Entropy String",
        "line_number": 1,
        "hashed_secret": "bf5afd8d68f4b184815560910214384c9931e3fe",
        "is_secret": false,
        "is_verified": false
      }
    ],
    "app/web/public/swarm/hunt-collusion-0001.json": [
      {
        "type": "Hex High Entropy String",
        "line_number": 1,
        "hashed_secret": "c3b414342d689ae62494de585575e2d43581a4bb",
        "is_secret": false,
        "is_verified": false
      }
    ],
    "app/web/public/swarm/hunt-collusion-0002.json": [
      {
        "type": "Hex High Entropy String",
        "line_number": 1,
        "hashed_secret": "f1e9df9eb41612c4f0e7746dc58be85ed3333b93",
        "is_secret": false,
        "is_verified": false
      }
    ],
    "app/web/public/swarm/hunt-collusion-0003.json": [
      {
        "type": "Hex High Entropy String",
        "line_number": 1,
        "hashed_secret": "6fd04498eb8cbe31070c99b6c6e3ee6a5be77267",
        "is_secret": false,
        "is_verified": false
      }
    ],
    "app/web/public/swarm/hunt-collusion-0004.json": [
      {
        "type": "Hex High Entropy String",
        "line_number": 1,
        "hashed_secret": "b07fc3d12c9c54a79eb63c4375fce9fb4ae9351a",
        "is_secret": false,
        "is_verified": false
      }
    ],
    "app/web/public/swarm/hunt-collusion-0005.json": [
      {
        "type": "Hex High Entropy String",
        "line_number": 1,
        "hashed_secret": "f87e32921631922e7a3a39bf52eb11fafdc56ecd",
        "is_secret": false,
        "is_verified": false
      }
    ],
    "app/web/public/swarm/hunt-collusion-0006.json": [
      {
        "type": "Hex High Entropy String",
        "line_number": 1,
        "hashed_secret": "53960b8d8fb59812b4727bea65b41184a67b9229",
        "is_secret": false,
        "is_verified": false
      }
    ],
    "app/web/public/swarm/hunt-collusion-0007.json": [
      {
        "type": "Hex High Entropy String",
        "line_number": 1,
        "hashed_secret": "267fd59064fe29e7e48d6629ea19bbb1bc62d464",
        "is_secret": false,
        "is_verified": false
      }
    ],
    "app/web/public/swarm/hunt-collusion-0008.json": [
      {
        "type": "Hex High Entropy String",
        "line_number": 1,
        "hashed_secret": "60073b0a7130f0cc5cd19de5222785c59a7606f9",
        "is_secret": false,
        "is_verified": false
      }
    ],
    "app/web/public/swarm/hunt-collusion-0009.json": [
      {
        "type": "Hex High Entropy String",
        "line_number": 1,
        "hashed_secret": "262a97bc130882761c5aae4b9c125146e96046c2",
        "is_secret": false,
        "is_verified": false
      }
    ],
    "app/web/public/swarm/hunt-collusion-0010.json": [
      {
        "type": "Hex High Entropy String",
        "line_number": 1,
        "hashed_secret": "cb60dd6bfd74e361b7644cfff09ecb71c554ef38",
        "is_secret": false,
        "is_verified": false
      }
    ],
    "app/web/public/swarm/hunt-collusion-0011.json": [
      {
        "type": "Hex High Entropy String",
        "line_number": 1,
        "hashed_secret": "7ebb90320f7fe03b60417feb22dff1cde0017e7e",
        "is_secret": false,
        "is_verified": false
      }
    ],
    "app/web/public/swarm/hunt-collusion-0012.json": [
      {
        "type": "Hex High Entropy String",
        "line_number": 1,
        "hashed_secret": "cb92d23644d3f128996b17e27a85d4eb2b6d6533",
        "is_secret": false,
        "is_verified": false
      }
    ],
    "app/web/public/swarm/hunt-collusion-0013.json": [
      {
        "type": "Hex High Entropy String",
        "line_number": 1,
        "hashed_secret": "a6156ec6143ed49c121a4f1161df14fb161886a0",
        "is_secret": false,
        "is_verified": false
      }
    ],
    "app/web/public/swarm/hunt-collusion-0014.json": [
      {
        "type": "Hex High Entropy String",
        "line_number": 1,
        "hashed_secret": "3e7f403726d293e55955bb636bb8a5c7b609db90",
        "is_secret": false,
        "is_verified": false
      }
    ],
    "app/web/public/swarm/hunt-collusion-0015.json": [
      {
        "type": "Hex High Entropy String",
        "line_number": 1,
        "hashed_secret": "b962ab1206af931ca3235c6c24212c151f4075a3",
        "is_secret": false,
        "is_verified": false
      }
    ],
    "app/web/public/swarm/hunt-collusion-0016.json": [
      {
        "type": "Hex High Entropy String",
        "line_number": 1,
        "hashed_secret": "5f9323fb938b3f388ebafe7ef4db132b8ee53a5c",
        "is_secret": false,
        "is_verified": false
      }
    ],
    "app/web/public/swarm/hunt-collusion-0017.json": [
      {
        "type": "Hex High Entropy String",
        "line_number": 1,
        "hashed_secret": "7155293c02b2fae0e4df780a923cecc8f459dc52",
        "is_secret": false,
        "is_verified": false
      }
    ],
    "app/web/public/swarm/hunt-collusion-0018.json": [
      {
        "type": "Hex High Entropy String",
        "line_number": 1,
        "hashed_secret": "9b7ce2e7368402a2ec216b8b638c64229752374f",
        "is_secret": false,
        "is_verified": false
      }
    ],
    "app/web/public/swarm/hunt-collusion-0019.json": [
      {
        "type": "Hex High Entropy String",
        "line_number": 1,
        "hashed_secret": "be3ebe3acb5a827c4de84d53f56fe2054c5834e9",
        "is_secret": false,
        "is_verified": false
      }
    ],
    "app/web/public/swarm/hunt-collusion-0020.json": [
      {
        "type": "Hex High Entropy String",
        "line_number": 1,
        "hashed_secret": "b1d5df239b78590a5fa14e2472ea430efee053d3",
        "is_secret": false,
        "is_verified": false
      }
    ],
    "app/web/public/swarm/hunt-collusion-0021.json": [
      {
        "type": "Hex High Entropy String",
        "line_number": 1,
        "hashed_secret": "b56d169c43103772eef556f8ebc5f622f0ad44a7",
        "is_secret": false,
        "is_verified": false
      }
    ],
    "app/web/public/swarm/hunt-collusion-0022.json": [
      {
        "type": "Hex High Entropy String",
        "line_number": 1,
        "hashed_secret": "1fc9f07e4c1bbd04e309e6ad2a0d47c3c4d29fc9",
        "is_secret": false,
        "is_verified": false
      }
    ],
    "app/web/public/swarm/hunt-collusion-0023.json": [
      {
        "type": "Hex High Entropy String",
        "line_number": 1,
        "hashed_secret": "781124de2187a335ea49f823d9f104d7095299bb",
        "is_secret": false,
        "is_verified": false
      }
    ],
    "app/web/public/swarm/hunt-collusion-0024.json": [
      {
        "type": "Hex High Entropy String",
        "line_number": 1,
        "hashed_secret": "f7a841a848c62c165cf95bc38ed61ddea144a4e8",
        "is_secret": false,
        "is_verified": false
      }
    ],
    "app/web/public/swarm/hunt-collusion-0025.json": [
      {
        "type": "Hex High Entropy String",
        "line_number": 1,
        "hashed_secret": "7bd64c12194418f57849bfbfc1ae755a0414e0ca",
        "is_secret": false,
        "is_verified": false
      }
    ],
    "app/web/public/swarm/hunt-collusion-0026.json": [
      {
        "type": "Hex High Entropy String",
        "line_number": 1,
        "hashed_secret": "3ad28e140ae7d3b9a8f576b42400ab37f1974455",
        "is_secret": false,
        "is_verified": false
      }
    ],
    "app/web/public/swarm/hunt-collusion-0027.json": [
      {
        "type": "Hex High Entropy String",
        "line_number": 1,
        "hashed_secret": "c1ec9e51f2c2f80822c2efded504f38f530334a9",
        "is_secret": false,
        "is_verified": false
      }
    ],
    "app/web/public/swarm/hunt-collusion-0028.json": [
      {
        "type": "Hex High Entropy String",
        "line_number": 1,
        "hashed_secret": "7e6d252d6123b44c1888125ff2964436cab200d3",
        "is_secret": false,
        "is_verified": false
      }
    ],
    "app/web/public/swarm/hunt-collusion-0029.json": [
      {
        "type": "Hex High Entropy String",
        "line_number": 1,
        "hashed_secret": "03daed42b7d82b394cbd98a62adee23548735e6e",
        "is_secret": false,
        "is_verified": false
      }
    ],
    "app/web/public/swarm/hunt-collusion-0030.json": [
      {
        "type": "Hex High Entropy String",
        "line_number": 1,
        "hashed_secret": "16c7ce866b53b63365e2e43b9228b722f12348e5",
        "is_secret": false,
        "is_verified": false
      }
    ],
    "app/web/public/swarm/hunt-collusion-0031.json": [
      {
        "type": "Hex High Entropy String",
        "line_number": 1,
        "hashed_secret": "ada8a036d81483bbcf27c4cbf091b365abcc4ea3",
        "is_secret": false,
        "is_verified": false
      }
    ],
    "app/web/public/swarm/hunt-collusion-0032.json": [
      {
        "type": "Hex High Entropy String",
        "line_number": 1,
        "hashed_secret": "eab3d7e00578b38e0414297424308825c31187ca",
        "is_secret": false,
        "is_verified": false
      }
    ],
    "app/web/public/swarm/hunt-collusion-0033.json": [
      {
        "type": "Hex High Entropy String",
        "line_number": 1,
        "hashed_secret": "0fbfc2160158c32b8db4e9b642c557c9ef278155",
        "is_secret": false,
        "is_verified": false
      }
    ],
    "app/web/public/swarm/hunt-collusion-0034.json": [
      {
        "type": "Hex High Entropy String",
        "line_number": 1,
        "hashed_secret": "ba823ea1b4e46a69a140b1fadbca17b6d5f574b0",
        "is_secret": false,
        "is_verified": false
      }
    ],
    "app/web/public/swarm/hunt-collusion-0035.json": [
      {
        "type": "Hex High Entropy String",
        "line_number": 1,
        "hashed_secret": "d16c8526d8b1b8b657399e0349fd9a5a500b93d2",
        "is_secret": false,
        "is_verified": false
      }
    ],
    "app/web/public/swarm/hunt-collusion-0036.json": [
      {
        "type": "Hex High Entropy String",
        "line_number": 1,
        "hashed_secret": "4c2b778c372fd6a2979594b257cd312e0ef02f6e",
        "is_secret": false,
        "is_verified": false
      }
    ],
    "app/web/public/swarm/hunt-collusion-0037.json": [
      {
        "type": "Hex High Entropy String",
        "line_number": 1,
        "hashed_secret": "c15056697ad01e8857ffa37092db66b6300732e1",
        "is_secret": false,
        "is_verified": false
      }
    ],
    "app/web/public/swarm/hunt-collusion-0038.json": [
      {
        "type": "Hex High Entropy String",
        "line_number": 1,
        "hashed_secret": "9765188bc7b1e8c78e6c95b7b5af94df65b9e16f",
        "is_secret": false,
        "is_verified": false
      }
    ],
    "app/web/public/swarm/hunt-collusion-0039.json": [
      {
        "type": "Hex High Entropy String",
        "line_number": 1,
        "hashed_secret": "3c2b48a324edd41968bbab7575b8d3e85f3366a3",
        "is_secret": false,
        "is_verified": false
      }
    ],
    "app/web/public/swarm/hunt-collusion-0040.json": [
      {
        "type": "Hex High Entropy String",
        "line_number": 1,
        "hashed_secret": "65b6c0f05a8885f6464e5bfa45f3ee0cd103aa46",
        "is_secret": false,
        "is_verified": false
      }
    ],
    "app/web/public/swarm/hunt-collusion-0041.json": [
      {
        "type": "Hex High Entropy String",
        "line_number": 1,
        "hashed_secret": "0153864175c81135f6119fa5d8f3e847da4559fa",
        "is_secret": false,
        "is_verified": false
      }
    ],
    "app/web/public/swarm/hunt-collusion-0042.json": [
      {
        "type": "Hex High Entropy String",
        "line_number": 1,
        "hashed_secret": "187f1a8d26e4affc13337ba97d675a760cb54ae8",
        "is_secret": false,
        "is_verified": false
      }
    ],
    "app/web/public/swarm/hunt-collusion-0043.json": [
      {
        "type": "Hex High Entropy String",
        "line_number": 1,
        "hashed_secret": "fa5d9243bea6f86257594403d367d3e69468bd4a",
        "is_secret": false,
        "is_verified": false
      }
    ],
    "app/web/public/swarm/hunt-collusion-0044.json": [
      {
        "type": "Hex High Entropy String",
        "line_number": 1,
        "hashed_secret": "28c25ff961183ed6f57e1fd45640378100cfa501",
        "is_secret": false,
        "is_verified": false
      }
    ],
    "app/web/public/swarm/hunt-collusion-0045.json": [
      {
        "type": "Hex High Entropy String",
        "line_number": 1,
        "hashed_secret": "f0eea7add7e8735137e0da1164830650db3eea4c",
        "is_secret": false,
        "is_verified": false
      }
    ],
    "app/web/public/swarm/hunt-collusion-0046.json": [
      {
        "type": "Hex High Entropy String",
        "line_number": 1,
        "hashed_secret": "f2d5942423592b7bb9f1722d41851159564f9628",
        "is_secret": false,
        "is_verified": false
      }
    ],
    "app/web/public/swarm/hunt-collusion-0047.json": [
      {
        "type": "Hex High Entropy String",
        "line_number": 1,
        "hashed_secret": "92fc0ca325a5a2adbe1dabf880cb64b8d1da1ce2",
        "is_secret": false,
        "is_verified": false
      }
    ],
    "app/web/public/swarm/hunt-collusion-0048.json": [
      {
        "type": "Hex High Entropy String",
        "line_number": 1,
        "hashed_secret": "a0fd619a7c0a2d7b6e0d74f6441ca17184d83793",
        "is_secret": false,
        "is_verified": false
      }
    ],
    "app/web/public/swarm/hunt-collusion-0049.json": [
      {
        "type": "Hex High Entropy String",
        "line_number": 1,
        "hashed_secret": "30a6fd35a6b88b611347bc3abf8e3c99fd410dec",
        "is_secret": false,
        "is_verified": false
      }
    ],
    "app/web/public/swarm/hunt-collusion-0050.json": [
      {
        "type": "Hex High Entropy String",
        "line_number": 1,
        "hashed_secret": "99efa6c1d7e8756c3cc4e4c79e1bda652d77fcdf",
        "is_secret": false,
        "is_verified": false
      }
    ],
    "app/web/public/swarm/hunt-collusion-0051.json": [
      {
        "type": "Hex High Entropy String",
        "line_number": 1,
        "hashed_secret": "233b38809e08ca90ef7ca354aec4036b18c1aef9",
        "is_secret": false,
        "is_verified": false
      }
    ],
    "app/web/public/swarm/hunt-collusion-0052.json": [
      {
        "type": "Hex High Entropy String",
        "line_number": 1,
        "hashed_secret": "2f31b65ea35e0836100b369436ad6ed8a4d503d8",
        "is_secret": false,
        "is_verified": false
      }
    ],
    "app/web/public/swarm/hunt-collusion-0053.json": [
      {
        "type": "Hex High Entropy String",
        "line_number": 1,
        "hashed_secret": "9ccc3303c8d3ad847a14e2a5d17936463b9a2a8b",
        "is_secret": false,
        "is_verified": false
      }
    ],
    "app/web/public/swarm/hunt-collusion-0054.json": [
      {
        "type": "Hex High Entropy String",
        "line_number": 1,
        "hashed_secret": "39396ac1a5fda5d37a958384465600a2bca578e5",
        "is_secret": false,
        "is_verified": false
      }
    ],
    "app/web/public/swarm/hunt-collusion-0055.json": [
      {
        "type": "Hex High Entropy String",
        "line_number": 1,
        "hashed_secret": "3d0c0c54306223ff3289a059b8b7edaae1c69878",
        "is_secret": false,
        "is_verified": false
      }
    ],
    "app/web/public/swarm/hunt-collusion-0056.json": [
      {
        "type": "Hex High Entropy String",
        "line_number": 1,
        "hashed_secret": "78981e16a4e7c374af7077b90b5aed536914fe62",
        "is_secret": false,
        "is_verified": false
      }
    ],
    "app/web/public/swarm/hunt-collusion-0057.json": [
      {
        "type": "Hex High Entropy String",
        "line_number": 1,
        "hashed_secret": "ee46de049cf684acde067b6de6256383344cf933",
        "is_secret": false,
        "is_verified": false
      }
    ],
    "app/web/public/swarm/hunt-collusion-0058.json": [
      {
        "type": "Hex High Entropy String",
        "line_number": 1,
        "hashed_secret": "47836d978f0147ad9efd1019a35081fade34b723",
        "is_secret": false,
        "is_verified": false
      }
    ],
    "app/web/public/swarm/hunt-collusion-0059.json": [
      {
        "type": "Hex High Entropy String",
        "line_number": 1,
        "hashed_secret": "3b8cda584a47e39313e8e8a26db5e98343f3fe22",
        "is_secret": false,
        "is_verified": false
      }
    ],
    "app/web/public/swarm/hunt-collusion-0060.json": [
      {
        "type": "Hex High Entropy String",
        "line_number": 1,
        "hashed_secret": "8e13741d93b6860cdfa0036a435126e9a65ab1ec",
        "is_secret": false,
        "is_verified": false
      }
    ],
    "app/web/public/swarm/hunt-collusion-0061.json": [
      {
        "type": "Hex High Entropy String",
        "line_number": 1,
        "hashed_secret": "e9482fcb7829b102046b96d6d93a919291ba4213",
        "is_secret": false,
        "is_verified": false
      }
    ],
    "app/web/public/swarm/hunt-collusion-0062.json": [
      {
        "type": "Hex High Entropy String",
        "line_number": 1,
        "hashed_secret": "ff89aa1156bf5f5e530fbfca95abf12c96480586",
        "is_secret": false,
        "is_verified": false
      }
    ],
    "app/web/public/swarm/hunt-collusion-0063.json": [
      {
        "type": "Hex High Entropy String",
        "line_number": 1,
        "hashed_secret": "343be197acf9e61ad9bab6bdf4db9a6cf7ac9bbe",
        "is_secret": false,
        "is_verified": false
      }
    ],
    "app/web/public/swarm/hunt-collusion-0064.json": [
      {
        "type": "Base64 High Entropy String",
        "line_number": 1,
        "hashed_secret": "0a845ea7dd1659a921bf2e611fc3b79759ce70dc",
        "is_secret": false,
        "is_verified": false
      },
      {
        "type": "Hex High Entropy String",
        "line_number": 1,
        "hashed_secret": "52615c4e4d9cb3bd28738ae9ae3b32661804da63",
        "is_secret": false,
        "is_verified": false
      }
    ],
    "app/web/public/swarm/hunt-collusion-0065.json": [
      {
        "type": "Hex High Entropy String",
        "line_number": 1,
        "hashed_secret": "6af2e01e5a2b8ea7d2ef3d8b1eeff9c7529db841",
        "is_secret": false,
        "is_verified": false
      }
    ],
    "app/web/public/swarm/hunt-collusion-0066.json": [
      {
        "type": "Hex High Entropy String",
        "line_number": 1,
        "hashed_secret": "9f3aeda3b84720c25cf3d5bfade3242fc673fb78",
        "is_secret": false,
        "is_verified": false
      }
    ],
    "app/web/public/swarm/hunt-collusion-0067.json": [
      {
        "type": "Hex High Entropy String",
        "line_number": 1,
        "hashed_secret": "0630fd2d325d92920449e0fb35acd57e5220073d",
        "is_secret": false,
        "is_verified": false
      }
    ],
    "app/web/public/swarm/hunt-collusion-0068.json": [
      {
        "type": "Hex High Entropy String",
        "line_number": 1,
        "hashed_secret": "e50c6b08644ad91c75c8ba05b39b93771b9be440",
        "is_secret": false,
        "is_verified": false
      }
    ],
    "app/web/public/swarm/hunt-collusion-0069.json": [
      {
        "type": "Hex High Entropy String",
        "line_number": 1,
        "hashed_secret": "afa19f421ea657bc297ea6f21852812b8ded3988",
        "is_secret": false,
        "is_verified": false
      }
    ],
    "app/web/public/swarm/hunt-collusion-0070.json": [
      {
        "type": "Hex High Entropy String",
        "line_number": 1,
        "hashed_secret": "ab1bbf7d17764ef413185863c4fc40a6cca77464",
        "is_secret": false,
        "is_verified": false
      }
    ],
    "app/web/public/swarm/hunt-collusion-0071.json": [
      {
        "type": "Hex High Entropy String",
        "line_number": 1,
        "hashed_secret": "6bb6f654055312ca1f8d63444a7895a5112116c5",
        "is_secret": false,
        "is_verified": false
      }
    ],
    "app/web/public/swarm/hunt-collusion-0072.json": [
      {
        "type": "Hex High Entropy String",
        "line_number": 1,
        "hashed_secret": "20f1a7aca294985e3627d307367215e83d40c702",
        "is_secret": false,
        "is_verified": false
      }
    ],
    "app/web/public/swarm/hunt-collusion-0073.json": [
      {
        "type": "Hex High Entropy String",
        "line_number": 1,
        "hashed_secret": "97434865e2006863141ededa8d4d8547297aca2a",
        "is_secret": false,
        "is_verified": false
      }
    ],
    "app/web/public/swarm/hunt-collusion-0074.json": [
      {
        "type": "Hex High Entropy String",
        "line_number": 1,
        "hashed_secret": "96c612c3db3d2413cd4aee63a2a2f58f9e9cd22f",
        "is_secret": false,
        "is_verified": false
      }
    ],
    "app/web/public/swarm/hunt-collusion-0075.json": [
      {
        "type": "Hex High Entropy String",
        "line_number": 1,
        "hashed_secret": "6ea106aec102d7e888b90870f52f25a2a9805f0d",
        "is_secret": false,
        "is_verified": false
      }
    ],
    "app/web/public/swarm/hunt-collusion-0076.json": [
      {
        "type": "Hex High Entropy String",
        "line_number": 1,
        "hashed_secret": "7bf6cffb79eed962079dc1db7fd1cd4c6838daab",
        "is_secret": false,
        "is_verified": false
      }
    ],
    "app/web/public/swarm/hunt-collusion-0077.json": [
      {
        "type": "Hex High Entropy String",
        "line_number": 1,
        "hashed_secret": "9e2c5aae6d2c7f3e6abcf41fd2e814c81d86a0c5",
        "is_secret": false,
        "is_verified": false
      }
    ],
    "app/web/public/swarm/hunt-collusion-0078.json": [
      {
        "type": "Hex High Entropy String",
        "line_number": 1,
        "hashed_secret": "a5bb072a936dcaa6f60ff8b2e6489c0f954f6925",
        "is_secret": false,
        "is_verified": false
      }
    ],
    "app/web/public/swarm/hunt-collusion-0079.json": [
      {
        "type": "Hex High Entropy String",
        "line_number": 1,
        "hashed_secret": "9198b8c9d47dc659fced46885e9cde5d5ce36f13",
        "is_secret": false,
        "is_verified": false
      }
    ],
    "app/web/public/swarm/hunt-collusion-0080.json": [
      {
        "type": "Hex High Entropy String",
        "line_number": 1,
        "hashed_secret": "75c8fdd8e3b0e99a91fedd8325bcebe99cfb3422",
        "is_secret": false,
        "is_verified": false
      }
    ],
    "app/web/public/swarm/hunt-collusion-0081.json": [
      {
        "type": "Hex High Entropy String",
        "line_number": 1,
        "hashed_secret": "153e3e9265a4e6a976d6bb9e808214147bc6dc9f",
        "is_secret": false,
        "is_verified": false
      }
    ],
    "app/web/public/swarm/hunt-collusion-0082.json": [
      {
        "type": "Hex High Entropy String",
        "line_number": 1,
        "hashed_secret": "019f7c60df21df7f4fcfbbafb0f5bc75692ba4f1",
        "is_secret": false,
        "is_verified": false
      }
    ],
    "app/web/public/swarm/hunt-collusion-0083.json": [
      {
        "type": "Hex High Entropy String",
        "line_number": 1,
        "hashed_secret": "d60a992f929c1fbc4db9e5637a9a462cd4a2cdfb",
        "is_secret": false,
        "is_verified": false
      }
    ],
    "app/web/public/swarm/hunt-collusion-0084.json": [
      {
        "type": "Hex High Entropy String",
        "line_number": 1,
        "hashed_secret": "e6dc3be3677af52bb4bd2a6656fa0ec49139a68d",
        "is_secret": false,
        "is_verified": false
      }
    ],
    "app/web/public/swarm/hunt-collusion-0085.json": [
      {
        "type": "Hex High Entropy String",
        "line_number": 1,
        "hashed_secret": "4a1ac50299a04e6385f7c2a90c71db6de560f77d",
        "is_secret": false,
        "is_verified": false
      }
    ],
    "app/web/public/swarm/hunt-collusion-0086.json": [
      {
        "type": "Hex High Entropy String",
        "line_number": 1,
        "hashed_secret": "aaa06893771676ddcf33b6c3af3ab04adbfae05d",
        "is_secret": false,
        "is_verified": false
      }
    ],
    "app/web/public/swarm/hunt-collusion-0087.json": [
      {
        "type": "Hex High Entropy String",
        "line_number": 1,
        "hashed_secret": "57776703140ca3adc933ce942fcdb91a4fa8e660",
        "is_secret": false,
        "is_verified": false
      }
    ],
    "app/web/public/swarm/hunt-collusion-0088.json": [
      {
        "type": "Hex High Entropy String",
        "line_number": 1,
        "hashed_secret": "a8ac9ff8854838997d1506b51ce1b10a5b88c45f",
        "is_secret": false,
        "is_verified": false
      }
    ],
    "app/web/public/swarm/hunt-collusion-0089.json": [
      {
        "type": "Hex High Entropy String",
        "line_number": 1,
        "hashed_secret": "38a2eb9bc5189801c665b4c97b9a84a52ef84bfe",
        "is_secret": false,
        "is_verified": false
      }
    ],
    "app/web/public/swarm/hunt-collusion-0090.json": [
      {
        "type": "Hex High Entropy String",
        "line_number": 1,
        "hashed_secret": "f122ceca532bf9d2943aabd69395f1d9e960c2b4",
        "is_secret": false,
        "is_verified": false
      }
    ],
    "app/web/public/swarm/hunt-collusion-0091.json": [
      {
        "type": "Hex High Entropy String",
        "line_number": 1,
        "hashed_secret": "013371f35527664da416e161b454dc4322d683fb",
        "is_secret": false,
        "is_verified": false
      }
    ],
    "app/web/public/swarm/hunt-collusion-0092.json": [
      {
        "type": "Hex High Entropy String",
        "line_number": 1,
        "hashed_secret": "9eaac52efc0a722d599cfd12b0c4b87be8aee8d1",
        "is_secret": false,
        "is_verified": false
      }
    ],
    "app/web/public/swarm/hunt-collusion-0093.json": [
      {
        "type": "Hex High Entropy String",
        "line_number": 1,
        "hashed_secret": "ac404e8edce7f23483577d9c25d4af32e5accda2",
        "is_secret": false,
        "is_verified": false
      }
    ],
    "app/web/public/swarm/hunt-collusion-0094.json": [
      {
        "type": "Hex High Entropy String",
        "line_number": 1,
        "hashed_secret": "57cf824406131dce720c66f0e7d6460386e641fb",
        "is_secret": false,
        "is_verified": false
      }
    ],
    "app/web/public/swarm/hunt-collusion-0095.json": [
      {
        "type": "Hex High Entropy String",
        "line_number": 1,
        "hashed_secret": "b91b97fc302b37394ae09d37be8f57a32c4e53fa",
        "is_secret": false,
        "is_verified": false
      }
    ],
    "app/web/public/swarm/hunt-collusion-0096.json": [
      {
        "type": "Hex High Entropy String",
        "line_number": 1,
        "hashed_secret": "a9b50f68522cb90baba97d5f8dd139ae7873b7f2",
        "is_secret": false,
        "is_verified": false
      }
    ],
    "app/web/public/swarm/hunt-collusion-0097.json": [
      {
        "type": "Hex High Entropy String",
        "line_number": 1,
        "hashed_secret": "17dc05ca2e9ffe740970cfde8092498d8fd9aa72",
        "is_secret": false,
        "is_verified": false
      }
    ],
    "app/web/public/swarm/hunt-collusion-0098.json": [
      {
        "type": "Hex High Entropy String",
        "line_number": 1,
        "hashed_secret": "6d9b1174d5dfa0fa098e1941c922deec17d30cf7",
        "is_secret": false,
        "is_verified": false
      }
    ],
    "app/web/public/swarm/hunt-collusion-0099.json": [
      {
        "type": "Hex High Entropy String",
        "line_number": 1,
        "hashed_secret": "57aa63b32f35f7c520209415d85342ee51efc11a",
        "is_secret": false,
        "is_verified": false
      }
    ],
    "app/web/public/swarm/hunt-collusion-0100.json": [
      {
        "type": "Hex High Entropy String",
        "line_number": 1,
        "hashed_secret": "d45545e8f0a216911ac61c2709a19924e454fed8",
        "is_secret": false,
        "is_verified": false
      }
    ],
    "app/web/public/swarm/hunt-collusion-0101.json": [
      {
        "type": "Hex High Entropy String",
        "line_number": 1,
        "hashed_secret": "b6ef3112b7afb7ea1743b3c90cab95667cc2fb15",
        "is_secret": false,
        "is_verified": false
      }
    ],
    "app/web/public/swarm/hunt-collusion-0102.json": [
      {
        "type": "Hex High Entropy String",
        "line_number": 1,
        "hashed_secret": "1602ce964b98e8ae22d7ef0b5db72783d00698b7",
        "is_secret": false,
        "is_verified": false
      }
    ],
    "app/web/public/swarm/hunt-collusion-0103.json": [
      {
        "type": "Hex High Entropy String",
        "line_number": 1,
        "hashed_secret": "ada50a0be010c0c7856bc880a010048670295159",
        "is_secret": false,
        "is_verified": false
      }
    ],
    "app/web/public/swarm/hunt-collusion-0104.json": [
      {
        "type": "Hex High Entropy String",
        "line_number": 1,
        "hashed_secret": "080e6716716e1ec2cf1519c339dc08975f1426a8",
        "is_secret": false,
        "is_verified": false
      }
    ],
    "app/web/public/swarm/hunt-collusion-0105.json": [
      {
        "type": "Hex High Entropy String",
        "line_number": 1,
        "hashed_secret": "b739f18cc31e5dcece288870c531f047e8582d15",
        "is_secret": false,
        "is_verified": false
      }
    ],
    "app/web/public/swarm/hunt-collusion-0106.json": [
      {
        "type": "Hex High Entropy String",
        "line_number": 1,
        "hashed_secret": "27eb8fe1f165008d970ad50af63d70c0a6be2e01",
        "is_secret": false,
        "is_verified": false
      }
    ],
    "app/web/public/swarm/hunt-collusion-0107.json": [
      {
        "type": "Hex High Entropy String",
        "line_number": 1,
        "hashed_secret": "dbb1606927ee2f5219e486c1c3f30f48889cbfd7",
        "is_secret": false,
        "is_verified": false
      }
    ],
    "app/web/public/swarm/hunt-collusion-0108.json": [
      {
        "type": "Hex High Entropy String",
        "line_number": 1,
        "hashed_secret": "cbf2c2da6d6365bb18a8b4b5968eb059d6bd8aae",
        "is_secret": false,
        "is_verified": false
      }
    ],
    "app/web/public/swarm/hunt-collusion-0109.json": [
      {
        "type": "Hex High Entropy String",
        "line_number": 1,
        "hashed_secret": "7179c101f2900f1282f169e7f27a2ab71b6e2d6a",
        "is_secret": false,
        "is_verified": false
      }
    ],
    "app/web/public/swarm/hunt-collusion-0110.json": [
      {
        "type": "Hex High Entropy String",
        "line_number": 1,
        "hashed_secret": "9f8360f9349d550d336e3c71597b57a8b7292f64",
        "is_secret": false,
        "is_verified": false
      }
    ],
    "app/web/public/swarm/hunt-collusion-0111.json": [
      {
        "type": "Hex High Entropy String",
        "line_number": 1,
        "hashed_secret": "601a5c6be0c898fffca5de39cb0764b5572f8b9f",
        "is_secret": false,
        "is_verified": false
      }
    ],
    "app/web/public/swarm/hunt-collusion-0112.json": [
      {
        "type": "Hex High Entropy String",
        "line_number": 1,
        "hashed_secret": "d2072f09c2af05ee0ded49ebd14563b88cf5f4de",
        "is_secret": false,
        "is_verified": false
      }
    ],
    "app/web/public/swarm/hunt-collusion-0113.json": [
      {
        "type": "Hex High Entropy String",
        "line_number": 1,
        "hashed_secret": "f323472847401d3a6d327f3f2b2bd7d61ea30b25",
        "is_secret": false,
        "is_verified": false
      }
    ],
    "app/web/public/swarm/hunt-collusion-0114.json": [
      {
        "type": "Hex High Entropy String",
        "line_number": 1,
        "hashed_secret": "35e71c4ee64f873043a86e397bc8a22020901837",
        "is_secret": false,
        "is_verified": false
      }
    ],
    "app/web/public/swarm/hunt-collusion-0115.json": [
      {
        "type": "Hex High Entropy String",
        "line_number": 1,
        "hashed_secret": "58449ce523a7fa87993bd688f906a1ff6e61306c",
        "is_secret": false,
        "is_verified": false
      }
    ],
    "app/web/public/swarm/hunt-collusion-0116.json": [
      {
        "type": "Hex High Entropy String",
        "line_number": 1,
        "hashed_secret": "a29840ed088b41fe1f1ef4c8cc25c7ff2d81ade9",
        "is_secret": false,
        "is_verified": false
      }
    ],
    "app/web/public/swarm/hunt-collusion-0117.json": [
      {
        "type": "Hex High Entropy String",
        "line_number": 1,
        "hashed_secret": "456733c96caca62d5230dc4f689cd2809bd1d1e6",
        "is_secret": false,
        "is_verified": false
      }
    ],
    "app/web/public/swarm/hunt-collusion-0118.json": [
      {
        "type": "Hex High Entropy String",
        "line_number": 1,
        "hashed_secret": "391a13e9cbc23f465ce332491fe84a4fdd434889",
        "is_secret": false,
        "is_verified": false
      }
    ],
    "app/web/public/swarm/hunt-collusion-0119.json": [
      {
        "type": "Hex High Entropy String",
        "line_number": 1,
        "hashed_secret": "aa38732e56a7fb4f2bfa75cc20f55788a1494cac",
        "is_secret": false,
        "is_verified": false
      }
    ],
    "app/web/public/swarm/hunt-collusion-0120.json": [
      {
        "type": "Hex High Entropy String",
        "line_number": 1,
        "hashed_secret": "ae8a0b54e8ab45e8be9d25e7b90ab9e6b33fd3c3",
        "is_secret": false,
        "is_verified": false
      }
    ],
    "app/web/public/swarm/hunt-collusion-0121.json": [
      {
        "type": "Hex High Entropy String",
        "line_number": 1,
        "hashed_secret": "b9d25a4c7c257e679208d5dc37d2eaa72a0cfb2b",
        "is_secret": false,
        "is_verified": false
      }
    ],
    "app/web/public/swarm/hunt-collusion-0122.json": [
      {
        "type": "Hex High Entropy String",
        "line_number": 1,
        "hashed_secret": "ac940364b1355701f6d15a247309eea11837eb20",
        "is_secret": false,
        "is_verified": false
      }
    ],
    "app/web/public/swarm/hunt-collusion-0123.json": [
      {
        "type": "Hex High Entropy String",
        "line_number": 1,
        "hashed_secret": "c956606e05ffa20007efa3d4a862750443d5c448",
        "is_secret": false,
        "is_verified": false
      }
    ],
    "app/web/public/swarm/hunt-collusion-0124.json": [
      {
        "type": "Hex High Entropy String",
        "line_number": 1,
        "hashed_secret": "1ca0f9fca892a7d6ef94101f5091f807d87399a0",
        "is_secret": false,
        "is_verified": false
      }
    ],
    "app/web/public/swarm/hunt-collusion-0125.json": [
      {
        "type": "Hex High Entropy String",
        "line_number": 1,
        "hashed_secret": "2e47fc041d5bf2bae01fda33dea71325baec63aa",
        "is_secret": false,
        "is_verified": false
      }
    ],
    "app/web/public/swarm/hunt-collusion-0126.json": [
      {
        "type": "Hex High Entropy String",
        "line_number": 1,
        "hashed_secret": "4bda67ea6866c1724a789b15f8b87d710d4a3424",
        "is_secret": false,
        "is_verified": false
      }
    ],
    "app/web/public/swarm/hunt-collusion-0127.json": [
      {
        "type": "Hex High Entropy String",
        "line_number": 1,
        "hashed_secret": "e55ae34e7c4218370c6c71b6e79c8edb8d015b92",
        "is_secret": false,
        "is_verified": false
      }
    ],
    "app/web/public/swarm/hunt-collusion-0128.json": [
      {
        "type": "Hex High Entropy String",
        "line_number": 1,
        "hashed_secret": "4cd1defcea8731f10f31687c0ad4b34a7ea76d5a",
        "is_secret": false,
        "is_verified": false
      }
    ],
    "app/web/public/swarm/hunt-collusion-0129.json": [
      {
        "type": "Hex High Entropy String",
        "line_number": 1,
        "hashed_secret": "0f98a0d383c0bcbfd7b7bb8ad149384508b812f4",
        "is_secret": false,
        "is_verified": false
      }
    ],
    "app/web/public/swarm/hunt-collusion-0130.json": [
      {
        "type": "Hex High Entropy String",
        "line_number": 1,
        "hashed_secret": "876e63d7bf9cfd647334e1468bcb859db6120a86",
        "is_secret": false,
        "is_verified": false
      }
    ],
    "app/web/public/swarm/hunt-collusion-0131.json": [
      {
        "type": "Hex High Entropy String",
        "line_number": 1,
        "hashed_secret": "18d97ac93e586ed3b0e540893b1a988e844fefec",
        "is_secret": false,
        "is_verified": false
      }
    ],
    "app/web/public/swarm/hunt-collusion-0132.json": [
      {
        "type": "Hex High Entropy String",
        "line_number": 1,
        "hashed_secret": "ca710e8487ca726154326ddf3ce0b23c82571e91",
        "is_secret": false,
        "is_verified": false
      }
    ],
    "app/web/public/swarm/hunt-collusion-0133.json": [
      {
        "type": "Hex High Entropy String",
        "line_number": 1,
        "hashed_secret": "d747c9c33840beaa0c5e22f36504dc9e3d0e4a9d",
        "is_secret": false,
        "is_verified": false
      }
    ],
    "app/web/public/swarm/hunt-collusion-0134.json": [
      {
        "type": "Hex High Entropy String",
        "line_number": 1,
        "hashed_secret": "3cf9058cf79539d2917a6e915f067978c498b26c",
        "is_secret": false,
        "is_verified": false
      }
    ],
    "app/web/public/swarm/hunt-collusion-0135.json": [
      {
        "type": "Hex High Entropy String",
        "line_number": 1,
        "hashed_secret": "86e27f1f66ed02a53135f53b0f07a6edc462b31f",
        "is_secret": false,
        "is_verified": false
      }
    ],
    "app/web/public/swarm/hunt-collusion-0136.json": [
      {
        "type": "Hex High Entropy String",
        "line_number": 1,
        "hashed_secret": "d832c544703d1a0fb629d4fc8423a83560bd5b93",
        "is_secret": false,
        "is_verified": false
      }
    ],
    "app/web/public/swarm/hunt-collusion-0137.json": [
      {
        "type": "Hex High Entropy String",
        "line_number": 1,
        "hashed_secret": "939c99cf64c35538e3607f09f13eb276a2302dcf",
        "is_secret": false,
        "is_verified": false
      }
    ],
    "app/web/public/swarm/hunt-collusion-0138.json": [
      {
        "type": "Hex High Entropy String",
        "line_number": 1,
        "hashed_secret": "f08c500f7aa4c23ea136feccec8edd2d6b81dda5",
        "is_secret": false,
        "is_verified": false
      }
    ],
    "app/web/public/swarm/hunt-collusion-0139.json": [
      {
        "type": "Hex High Entropy String",
        "line_number": 1,
        "hashed_secret": "861661e727a1118c5b417a2c8f2c57a8c7c2e217",
        "is_secret": false,
        "is_verified": false
      }
    ],
    "app/web/public/swarm/hunt-collusion-0140.json": [
      {
        "type": "Hex High Entropy String",
        "line_number": 1,
        "hashed_secret": "6516b5b52e401398c79eebb65189ce476a12ce9a",
        "is_secret": false,
        "is_verified": false
      }
    ],
    "app/web/public/swarm/hunt-collusion-0141.json": [
      {
        "type": "Hex High Entropy String",
        "line_number": 1,
        "hashed_secret": "f79024f743c7d3107299f2cc8319a5aac7804230",
        "is_secret": false,
        "is_verified": false
      }
    ],
    "app/web/public/swarm/hunt-collusion-0142.json": [
      {
        "type": "Hex High Entropy String",
        "line_number": 1,
        "hashed_secret": "d4b81cc26b5d1548e8d3f6cc7de5902b5e5c016b",
        "is_secret": false,
        "is_verified": false
      }
    ],
    "app/web/public/swarm/hunt-collusion-0143.json": [
      {
        "type": "Hex High Entropy String",
        "line_number": 1,
        "hashed_secret": "77a644c135c646530a3d3c038d2d7c577e383c7e",
        "is_secret": false,
        "is_verified": false
      }
    ],
    "app/web/public/swarm/hunt-collusion-0144.json": [
      {
        "type": "Hex High Entropy String",
        "line_number": 1,
        "hashed_secret": "d59a346ad22b678fae7bb66674415e0400121f7b",
        "is_secret": false,
        "is_verified": false
      }
    ],
    "app/web/public/swarm/hunt-collusion-0145.json": [
      {
        "type": "Hex High Entropy String",
        "line_number": 1,
        "hashed_secret": "5f62c630e9bc3e2d53bb971804d65ad2bfdd4f4c",
        "is_secret": false,
        "is_verified": false
      }
    ],
    "app/web/public/swarm/hunt-collusion-0146.json": [
      {
        "type": "Hex High Entropy String",
        "line_number": 1,
        "hashed_secret": "326697a790cdf07354cddb2cf16b568ff07e1ee2",
        "is_secret": false,
        "is_verified": false
      }
    ],
    "app/web/public/swarm/hunt-collusion-0147.json": [
      {
        "type": "Hex High Entropy String",
        "line_number": 1,
        "hashed_secret": "0934c218e9a46e65da9f80fe41f811b9e356f1b7",
        "is_secret": false,
        "is_verified": false
      }
    ],
    "app/web/public/swarm/hunt-collusion-0148.json": [
      {
        "type": "Hex High Entropy String",
        "line_number": 1,
        "hashed_secret": "dc84b6cbdd6f070dfacc6ffd9f4af57032d78b4d",
        "is_secret": false,
        "is_verified": false
      }
    ],
    "app/web/public/swarm/hunt-collusion-0149.json": [
      {
        "type": "Hex High Entropy String",
        "line_number": 1,
        "hashed_secret": "5a27cd2da68dab3e9916b73af3dd815cfbd4f87c",
        "is_secret": false,
        "is_verified": false
      }
    ],
    "app/web/public/swarm/hunt-collusion-0150.json": [
      {
        "type": "Hex High Entropy String",
        "line_number": 1,
        "hashed_secret": "dfe678e9db9b7c2dc36e2fe0eb49d5835118c5fe",
        "is_secret": false,
        "is_verified": false
      }
    ],
    "app/web/public/swarm/hunt-collusion-0151.json": [
      {
        "type": "Hex High Entropy String",
        "line_number": 1,
        "hashed_secret": "ccdf60a8008fe4598573ac24634f22871b5b4c79",
        "is_secret": false,
        "is_verified": false
      }
    ],
    "app/web/public/swarm/hunt-collusion-0152.json": [
      {
        "type": "Hex High Entropy String",
        "line_number": 1,
        "hashed_secret": "e1ccad92705def4e6f3bf69e0a2f69ff51a1c400",
        "is_secret": false,
        "is_verified": false
      }
    ],
    "app/web/public/swarm/hunt-collusion-0153.json": [
      {
        "type": "Hex High Entropy String",
        "line_number": 1,
        "hashed_secret": "54394dcd836bc21a7f1a986a1eef4c2cc411d448",
        "is_secret": false,
        "is_verified": false
      }
    ],
    "app/web/public/swarm/hunt-collusion-0154.json": [
      {
        "type": "Hex High Entropy String",
        "line_number": 1,
        "hashed_secret": "512f92b976b92f092bd5785c872ebb21cce5c908",
        "is_secret": false,
        "is_verified": false
      }
    ],
    "app/web/public/swarm/hunt-collusion-0155.json": [
      {
        "type": "Hex High Entropy String",
        "line_number": 1,
        "hashed_secret": "b09ab576aeb0bf0643bb74c40405428b978abac1",
        "is_secret": false,
        "is_verified": false
      }
    ],
    "app/web/public/swarm/hunt-collusion-0156.json": [
      {
        "type": "Hex High Entropy String",
        "line_number": 1,
        "hashed_secret": "bae531393b11359dbbef375ff6d03e411e0389b4",
        "is_secret": false,
        "is_verified": false
      }
    ],
    "app/web/public/swarm/hunt-collusion-0157.json": [
      {
        "type": "Hex High Entropy String",
        "line_number": 1,
        "hashed_secret": "ee30fc469fc0b2db22217762e14b05d1a67581e5",
        "is_secret": false,
        "is_verified": false
      }
    ],
    "app/web/public/swarm/hunt-collusion-0158.json": [
      {
        "type": "Hex High Entropy String",
        "line_number": 1,
        "hashed_secret": "7cb15262427212ac65f87169d4b9d01edb519228",
        "is_secret": false,
        "is_verified": false
      }
    ],
    "app/web/public/swarm/hunt-collusion-0159.json": [
      {
        "type": "Hex High Entropy String",
        "line_number": 1,
        "hashed_secret": "7324744bdc62dc1aafcb60fb4b1f010dc9dd5ca1",
        "is_secret": false,
        "is_verified": false
      }
    ],
    "app/web/public/swarm/hunt-collusion-0160.json": [
      {
        "type": "Hex High Entropy String",
        "line_number": 1,
        "hashed_secret": "95f126acd90704a179e9cefbbd025763007e3e19",
        "is_secret": false,
        "is_verified": false
      }
    ],
    "app/web/public/swarm/hunt-collusion-0161.json": [
      {
        "type": "Hex High Entropy String",
        "line_number": 1,
        "hashed_secret": "706c7e2f6a58249f3e13b5a7e3a26cfcc00cc978",
        "is_secret": false,
        "is_verified": false
      }
    ],
    "app/web/public/swarm/hunt-collusion-0162.json": [
      {
        "type": "Hex High Entropy String",
        "line_number": 1,
        "hashed_secret": "a8d85ba45024a09fc49250541a285af188463502",
        "is_secret": false,
        "is_verified": false
      }
    ],
    "app/web/public/swarm/hunt-collusion-0163.json": [
      {
        "type": "Hex High Entropy String",
        "line_number": 1,
        "hashed_secret": "921dc347b0d21364aa4decaba55494df314f3a86",
        "is_secret": false,
        "is_verified": false
      }
    ],
    "app/web/public/swarm/hunt-collusion-0164.json": [
      {
        "type": "Hex High Entropy String",
        "line_number": 1,
        "hashed_secret": "927d8078cefe450149046168bc376796de7a1521",
        "is_secret": false,
        "is_verified": false
      }
    ],
    "app/web/public/swarm/hunt-collusion-0165.json": [
      {
        "type": "Hex High Entropy String",
        "line_number": 1,
        "hashed_secret": "920710932cff0faa11a1ca0b467f0f4e6fde14dd",
        "is_secret": false,
        "is_verified": false
      }
    ],
    "app/web/public/swarm/hunt-collusion-0166.json": [
      {
        "type": "Hex High Entropy String",
        "line_number": 1,
        "hashed_secret": "219d87aa214edbb5b6574a18338a6a20043f8bb4",
        "is_secret": false,
        "is_verified": false
      }
    ],
    "app/web/public/swarm/hunt-collusion-0167.json": [
      {
        "type": "Hex High Entropy String",
        "line_number": 1,
        "hashed_secret": "e21134a21f76bc53935724bf7bea422d588b4f8e",
        "is_secret": false,
        "is_verified": false
      }
    ],
    "app/web/public/swarm/hunt-collusion-0168.json": [
      {
        "type": "Hex High Entropy String",
        "line_number": 1,
        "hashed_secret": "5a1c7166ee722db6963dff85cfc8db3ecd2c8f2e",
        "is_secret": false,
        "is_verified": false
      }
    ],
    "app/web/public/swarm/hunt-collusion-0169.json": [
      {
        "type": "Hex High Entropy String",
        "line_number": 1,
        "hashed_secret": "9e0ce6848cb72a9abf41e86197cfbdd9e68b6328",
        "is_secret": false,
        "is_verified": false
      }
    ],
    "app/web/public/swarm/hunt-collusion-0170.json": [
      {
        "type": "Hex High Entropy String",
        "line_number": 1,
        "hashed_secret": "124d0df97d46d06f2a08ae6886f7a35875a06781",
        "is_secret": false,
        "is_verified": false
      }
    ],
    "app/web/public/swarm/hunt-collusion-0171.json": [
      {
        "type": "Hex High Entropy String",
        "line_number": 1,
        "hashed_secret": "6671d281517e58b7f41b9ab3dfcf72410d1f245f",
        "is_secret": false,
        "is_verified": false
      }
    ],
    "app/web/public/swarm/hunt-collusion-0172.json": [
      {
        "type": "Hex High Entropy String",
        "line_number": 1,
        "hashed_secret": "89d54f3dc684066ff395f7810849922da7cbbb62",
        "is_secret": false,
        "is_verified": false
      }
    ],
    "app/web/public/swarm/hunt-collusion-0173.json": [
      {
        "type": "Hex High Entropy String",
        "line_number": 1,
        "hashed_secret": "3864fff63fd06758053d882f8133a79d45ec90f5",
        "is_secret": false,
        "is_verified": false
      }
    ],
    "app/web/public/swarm/hunt-collusion-0174.json": [
      {
        "type": "Hex High Entropy String",
        "line_number": 1,
        "hashed_secret": "f7edb3a8587fa65ced5a5d7100da3e0ae1f0d609",
        "is_secret": false,
        "is_verified": false
      }
    ],
    "app/web/public/swarm/hunt-collusion-0175.json": [
      {
        "type": "Hex High Entropy String",
        "line_number": 1,
        "hashed_secret": "23a8fac3e6b156e6b50e719710599e0e7c961860",
        "is_secret": false,
        "is_verified": false
      }
    ],
    "app/web/public/swarm/hunt-collusion-0176.json": [
      {
        "type": "Hex High Entropy String",
        "line_number": 1,
        "hashed_secret": "d18c626a99dff6745b358f56fef4eeed586241d3",
        "is_secret": false,
        "is_verified": false
      }
    ],
    "app/web/public/swarm/hunt-collusion-0177.json": [
      {
        "type": "Hex High Entropy String",
        "line_number": 1,
        "hashed_secret": "3a9ee2b80917594b61f26a36d453cb83077692e3",
        "is_secret": false,
        "is_verified": false
      }
    ],
    "app/web/public/swarm/hunt-collusion-0178.json": [
      {
        "type": "Hex High Entropy String",
        "line_number": 1,
        "hashed_secret": "47c7d75debe100cf8a757f6b34ada2f9e0c6fc33",
        "is_secret": false,
        "is_verified": false
      }
    ],
    "app/web/public/swarm/hunt-collusion-0179.json": [
      {
        "type": "Hex High Entropy String",
        "line_number": 1,
        "hashed_secret": "bfc5cca6448b9430b4ae49de6bb152dbbf7afe9e",
        "is_secret": false,
        "is_verified": false
      }
    ],
    "app/web/public/swarm/hunt-collusion-0180.json": [
      {
        "type": "Hex High Entropy String",
        "line_number": 1,
        "hashed_secret": "622a3190e858fd66f481874e09547cf2a8de3033",
        "is_secret": false,
        "is_verified": false
      }
    ],
    "app/web/public/swarm/hunt-collusion-0181.json": [
      {
        "type": "Hex High Entropy String",
        "line_number": 1,
        "hashed_secret": "8aa7f350d8cc36dffb12ccbd7b0ada8366a4e528",
        "is_secret": false,
        "is_verified": false
      }
    ],
    "app/web/public/swarm/hunt-collusion-0182.json": [
      {
        "type": "Hex High Entropy String",
        "line_number": 1,
        "hashed_secret": "18838f92859d99c63ea24284be11195a953da138",
        "is_secret": false,
        "is_verified": false
      }
    ],
    "app/web/public/swarm/hunt-collusion-0183.json": [
      {
        "type": "Hex High Entropy String",
        "line_number": 1,
        "hashed_secret": "4aada8d230ae9b54c6c26daafbc86e061a42dc94",
        "is_secret": false,
        "is_verified": false
      }
    ],
    "app/web/public/swarm/hunt-collusion-0184.json": [
      {
        "type": "Hex High Entropy String",
        "line_number": 1,
        "hashed_secret": "d448d5d1bf41d5786d6206ed63925a9543882554",
        "is_secret": false,
        "is_verified": false
      }
    ],
    "app/web/public/swarm/hunt-collusion-0185.json": [
      {
        "type": "Hex High Entropy String",
        "line_number": 1,
        "hashed_secret": "1fbdec6986fbf90781e5e73663738246471a6540",
        "is_secret": false,
        "is_verified": false
      }
    ],
    "app/web/public/swarm/hunt-collusion-0186.json": [
      {
        "type": "Hex High Entropy String",
        "line_number": 1,
        "hashed_secret": "7e377429a6172b07fe8ecbd5dc5fff4078fd2e78",
        "is_secret": false,
        "is_verified": false
      }
    ],
    "app/web/public/swarm/hunt-collusion-0187.json": [
      {
        "type": "Hex High Entropy String",
        "line_number": 1,
        "hashed_secret": "b783a17e625a4b88ed482fc261a458927cb8fc28",
        "is_secret": false,
        "is_verified": false
      }
    ],
    "app/web/public/swarm/hunt-collusion-0188.json": [
      {
        "type": "Hex High Entropy String",
        "line_number": 1,
        "hashed_secret": "2b4ce615451dde7b9eccb8d36974f162e7f7493c",
        "is_secret": false,
        "is_verified": false
      }
    ],
    "app/web/public/swarm/hunt-collusion-0189.json": [
      {
        "type": "Hex High Entropy String",
        "line_number": 1,
        "hashed_secret": "d09e2ae1175173dd9fcd5f3e90a54e001ecb229c",
        "is_secret": false,
        "is_verified": false
      }
    ],
    "app/web/public/swarm/hunt-collusion-0190.json": [
      {
        "type": "Hex High Entropy String",
        "line_number": 1,
        "hashed_secret": "b796b86a7c4b205658706cdc4c1bacfd317c09f9",
        "is_secret": false,
        "is_verified": false
      }
    ],
    "app/web/public/swarm/hunt-collusion-0191.json": [
      {
        "type": "Hex High Entropy String",
        "line_number": 1,
        "hashed_secret": "da4042136698f4085dd3816f79123502ad8b14a3",
        "is_secret": false,
        "is_verified": false
      }
    ],
    "app/web/public/swarm/hunt-collusion-0192.json": [
      {
        "type": "Hex High Entropy String",
        "line_number": 1,
        "hashed_secret": "358c83989566db4177c84f148e7a76497740e31e",
        "is_secret": false,
        "is_verified": false
      }
    ],
    "app/web/public/swarm/hunt-collusion-0193.json": [
      {
        "type": "Hex High Entropy String",
        "line_number": 1,
        "hashed_secret": "319bc7919b94822dd672242ce1f62a3a5a75a0e9",
        "is_secret": false,
        "is_verified": false
      }
    ],
    "app/web/public/swarm/hunt-collusion-0194.json": [
      {
        "type": "Hex High Entropy String",
        "line_number": 1,
        "hashed_secret": "3dc68822c6ce92533e3b0ee285f0a73d8097e2ce",
        "is_secret": false,
        "is_verified": false
      }
    ],
    "app/web/public/swarm/hunt-collusion-0195.json": [
      {
        "type": "Hex High Entropy String",
        "line_number": 1,
        "hashed_secret": "98e707c7e98b9cddf94ef25cee3e94d5c96d7d44",
        "is_secret": false,
        "is_verified": false
      }
    ],
    "app/web/public/swarm/hunt-collusion-0196.json": [
      {
        "type": "Hex High Entropy String",
        "line_number": 1,
        "hashed_secret": "558c0baf623926f26209edccb22372886cb0aa05",
        "is_secret": false,
        "is_verified": false
      }
    ],
    "app/web/public/swarm/hunt-collusion-0197.json": [
      {
        "type": "Hex High Entropy String",
        "line_number": 1,
        "hashed_secret": "18e6a995083a6b7c7289f714bd165f9a4e921d84",
        "is_secret": false,
        "is_verified": false
      }
    ],
    "app/web/public/swarm/hunt-collusion-0198.json": [
      {
        "type": "Hex High Entropy String",
        "line_number": 1,
        "hashed_secret": "c7b29a570d744175989a4f1e87afcad2ae5a5cd0",
        "is_secret": false,
        "is_verified": false
      }
    ],
    "app/web/public/swarm/hunt-collusion-0199.json": [
      {
        "type": "Hex High Entropy String",
        "line_number": 1,
        "hashed_secret": "8c5903ada15c4277cb84c76813f355ceebfa4e1e",
        "is_secret": false,
        "is_verified": false
      }
    ],
    "app/web/public/swarm/hunt-collusion-0200.json": [
      {
        "type": "Hex High Entropy String",
        "line_number": 1,
        "hashed_secret": "625bf8add6f1544d98938e67a810ccfc1cb6c8c4",
        "is_secret": false,
        "is_verified": false
      }
    ],
    "app/web/public/swarm/hunt-collusion-0201.json": [
      {
        "type": "Hex High Entropy String",
        "line_number": 1,
        "hashed_secret": "f52030795fdc35055d9a848df3d293a33ece1c9f",
        "is_secret": false,
        "is_verified": false
      }
    ],
    "app/web/public/swarm/hunt-collusion-0202.json": [
      {
        "type": "Hex High Entropy String",
        "line_number": 1,
        "hashed_secret": "9bd1e2dd0f1f5e1167847b1c6c7b4e194f99cdfe",
        "is_secret": false,
        "is_verified": false
      }
    ],
    "app/web/public/swarm/hunt-collusion-0203.json": [
      {
        "type": "Hex High Entropy String",
        "line_number": 1,
        "hashed_secret": "4256dc7df1e803214119a4054365b86f6a8bff12",
        "is_secret": false,
        "is_verified": false
      }
    ],
    "app/web/public/swarm/hunt-collusion-0204.json": [
      {
        "type": "Hex High Entropy String",
        "line_number": 1,
        "hashed_secret": "1207ac5cc8fb617ae82697dc1ba27587a02e00e5",
        "is_secret": false,
        "is_verified": false
      }
    ],
    "app/web/public/swarm/hunt-collusion-0205.json": [
      {
        "type": "Hex High Entropy String",
        "line_number": 1,
        "hashed_secret": "63979d180aa3ad81564178f2c6d5d018be80da19",
        "is_secret": false,
        "is_verified": false
      }
    ],
    "app/web/public/swarm/hunt-collusion-0206.json": [
      {
        "type": "Hex High Entropy String",
        "line_number": 1,
        "hashed_secret": "b3a79a658dd0e028fa7bcc06a0c0776ef46dce9c",
        "is_secret": false,
        "is_verified": false
      }
    ],
    "app/web/public/swarm/hunt-collusion-0207.json": [
      {
        "type": "Hex High Entropy String",
        "line_number": 1,
        "hashed_secret": "15950dcbe9e32e8234c18b369efa2d23931a264c",
        "is_secret": false,
        "is_verified": false
      }
    ],
    "app/web/public/swarm/hunt-collusion-0208.json": [
      {
        "type": "Hex High Entropy String",
        "line_number": 1,
        "hashed_secret": "3f90a315d1c51f3df7d90dbb438b816442853eec",
        "is_secret": false,
        "is_verified": false
      }
    ],
    "app/web/public/swarm/hunt-collusion-0209.json": [
      {
        "type": "Hex High Entropy String",
        "line_number": 1,
        "hashed_secret": "8ebabce271c2ad240d43023d5a1cf2d4858447d3",
        "is_secret": false,
        "is_verified": false
      }
    ],
    "app/web/public/swarm/hunt-collusion-0210.json": [
      {
        "type": "Hex High Entropy String",
        "line_number": 1,
        "hashed_secret": "a00c6f9e593313a824c350d3ca25667df0f4758c",
        "is_secret": false,
        "is_verified": false
      }
    ],
    "app/web/public/swarm/hunt-collusion-0211.json": [
      {
        "type": "Hex High Entropy String",
        "line_number": 1,
        "hashed_secret": "f65662987ac3946c4892384c0f41803053a52c83",
        "is_secret": false,
        "is_verified": false
      }
    ],
    "app/web/public/swarm/hunt-collusion-0212.json": [
      {
        "type": "Hex High Entropy String",
        "line_number": 1,
        "hashed_secret": "7c77247d13750181de32f24a9cdbb86b6ed61cf1",
        "is_secret": false,
        "is_verified": false
      }
    ],
    "app/web/public/swarm/hunt-collusion-0213.json": [
      {
        "type": "Hex High Entropy String",
        "line_number": 1,
        "hashed_secret": "d504cf3b5148bfee205a434721c267155593e226",
        "is_secret": false,
        "is_verified": false
      }
    ],
    "app/web/public/swarm/hunt-collusion-0214.json": [
      {
        "type": "Hex High Entropy String",
        "line_number": 1,
        "hashed_secret": "af93561e9e8b71398a649d68f0b9b36ad760f165",
        "is_secret": false,
        "is_verified": false
      }
    ],
    "app/web/public/swarm/hunt-collusion-0215.json": [
      {
        "type": "Hex High Entropy String",
        "line_number": 1,
        "hashed_secret": "6b02002b5c9d60717ab8aec9a5c78762010c99db",
        "is_secret": false,
        "is_verified": false
      }
    ],
    "app/web/public/swarm/hunt-collusion-0216.json": [
      {
        "type": "Hex High Entropy String",
        "line_number": 1,
        "hashed_secret": "f2b2940b18bda82278b4097bae1f195ec05e5ebd",
        "is_secret": false,
        "is_verified": false
      }
    ],
    "app/web/public/swarm/hunt-collusion-0217.json": [
      {
        "type": "Hex High Entropy String",
        "line_number": 1,
        "hashed_secret": "7855f1c48c9e3f7b9285c5c7bb4990ccecfd9feb",
        "is_secret": false,
        "is_verified": false
      }
    ],
    "app/web/public/swarm/hunt-collusion-0218.json": [
      {
        "type": "Hex High Entropy String",
        "line_number": 1,
        "hashed_secret": "ab83a874861336c6f1ea677be8d1186bdea02606",
        "is_secret": false,
        "is_verified": false
      }
    ],
    "app/web/public/swarm/hunt-collusion-0219.json": [
      {
        "type": "Hex High Entropy String",
        "line_number": 1,
        "hashed_secret": "aae5313a0ce3ec6f15d5a67cfa4f725e00c952e4",
        "is_secret": false,
        "is_verified": false
      }
    ],
    "app/web/public/swarm/hunt-collusion-0220.json": [
      {
        "type": "Hex High Entropy String",
        "line_number": 1,
        "hashed_secret": "4e1ce257b68192eedf2038f05691cec55c73c123",
        "is_secret": false,
        "is_verified": false
      }
    ],
    "app/web/public/swarm/hunt-collusion-0221.json": [
      {
        "type": "Hex High Entropy String",
        "line_number": 1,
        "hashed_secret": "d29631b310fc84f9430f3292f459717fec77dddd",
        "is_secret": false,
        "is_verified": false
      }
    ],
    "app/web/public/swarm/hunt-collusion-0222.json": [
      {
        "type": "Hex High Entropy String",
        "line_number": 1,
        "hashed_secret": "de1d28d41c0e82536840468dbefc60c5cdd4974c",
        "is_secret": false,
        "is_verified": false
      }
    ],
    "app/web/public/swarm/hunt-collusion-0223.json": [
      {
        "type": "Hex High Entropy String",
        "line_number": 1,
        "hashed_secret": "6cab305bfcdf38bff23b2277742d06b92fcf6417",
        "is_secret": false,
        "is_verified": false
      }
    ],
    "app/web/public/swarm/hunt-collusion-0224.json": [
      {
        "type": "Hex High Entropy String",
        "line_number": 1,
        "hashed_secret": "608350d3d2b81a464bb5b264f4078a2089534402",
        "is_secret": false,
        "is_verified": false
      }
    ],
    "app/web/public/swarm/hunt-collusion-0225.json": [
      {
        "type": "Hex High Entropy String",
        "line_number": 1,
        "hashed_secret": "6d61be7948a2033f773dcbca7718ac92cf27fd6b",
        "is_secret": false,
        "is_verified": false
      }
    ],
    "app/web/public/swarm/hunt-collusion-0226.json": [
      {
        "type": "Hex High Entropy String",
        "line_number": 1,
        "hashed_secret": "0634b0f6c8299d30a42271e3312ba5090711fb4b",
        "is_secret": false,
        "is_verified": false
      }
    ],
    "app/web/public/swarm/hunt-collusion-0227.json": [
      {
        "type": "Hex High Entropy String",
        "line_number": 1,
        "hashed_secret": "397a2bc3f21aeec1668955c4a8e4094538ceab44",
        "is_secret": false,
        "is_verified": false
      }
    ],
    "app/web/public/swarm/hunt-collusion-0228.json": [
      {
        "type": "Hex High Entropy String",
        "line_number": 1,
        "hashed_secret": "657e839c5fc3aa056f74c1f1a9f22d3ff3bfee9a",
        "is_secret": false,
        "is_verified": false
      }
    ],
    "app/web/public/swarm/hunt-collusion-0229.json": [
      {
        "type": "Hex High Entropy String",
        "line_number": 1,
        "hashed_secret": "554e2271d78615ec5c2e72c17ed2751cb7fef25b",
        "is_secret": false,
        "is_verified": false
      }
    ],
    "app/web/public/swarm/hunt-collusion-0230.json": [
      {
        "type": "Hex High Entropy String",
        "line_number": 1,
        "hashed_secret": "924574c51f361fab631bd25b286ba9493a6e7fd3",
        "is_secret": false,
        "is_verified": false
      }
    ],
    "app/web/public/swarm/hunt-collusion-0231.json": [
      {
        "type": "Hex High Entropy String",
        "line_number": 1,
        "hashed_secret": "12edc8d4cdbeb120978bf05ba060b14dbec774dc",
        "is_secret": false,
        "is_verified": false
      }
    ],
    "app/web/public/swarm/hunt-collusion-0232.json": [
      {
        "type": "Hex High Entropy String",
        "line_number": 1,
        "hashed_secret": "7bafbbb6f6c5df287f1cd423f024d2ac83905528",
        "is_secret": false,
        "is_verified": false
      }
    ],
    "app/web/public/swarm/hunt-collusion-0233.json": [
      {
        "type": "Hex High Entropy String",
        "line_number": 1,
        "hashed_secret": "1fe36afabb12e48de9a9bfef76c6e7d5fd7dfaf3",
        "is_secret": false,
        "is_verified": false
      }
    ],
    "app/web/public/swarm/hunt-collusion-0234.json": [
      {
        "type": "Hex High Entropy String",
        "line_number": 1,
        "hashed_secret": "6063a47450749693aa5c2ee21c7579ebeee56aee",
        "is_secret": false,
        "is_verified": false
      }
    ],
    "app/web/public/swarm/hunt-collusion-0235.json": [
      {
        "type": "Hex High Entropy String",
        "line_number": 1,
        "hashed_secret": "bd7815627c236467687760d943e77333c14d464b",
        "is_secret": false,
        "is_verified": false
      }
    ],
    "app/web/public/swarm/hunt-collusion-0236.json": [
      {
        "type": "Hex High Entropy String",
        "line_number": 1,
        "hashed_secret": "1859b24322a17579681fb47616d78f57c57f24e1",
        "is_secret": false,
        "is_verified": false
      }
    ],
    "app/web/public/swarm/hunt-collusion-0237.json": [
      {
        "type": "Hex High Entropy String",
        "line_number": 1,
        "hashed_secret": "24492a93a435a431d1e34994080ee9ec6ecf6777",
        "is_secret": false,
        "is_verified": false
      }
    ],
    "app/web/public/swarm/hunt-collusion-0238.json": [
      {
        "type": "Hex High Entropy String",
        "line_number": 1,
        "hashed_secret": "9f7e64388cf72c4003d9f1f02c3aaca6b4c17b63",
        "is_secret": false,
        "is_verified": false
      }
    ],
    "app/web/public/swarm/hunt-collusion-0239.json": [
      {
        "type": "Hex High Entropy String",
        "line_number": 1,
        "hashed_secret": "ffa3ec4975c61aeb6f745cda78e17a76aa4dbb1b",
        "is_secret": false,
        "is_verified": false
      }
    ],
    "app/web/public/swarm/hunt-collusion-0240.json": [
      {
        "type": "Hex High Entropy String",
        "line_number": 1,
        "hashed_secret": "3fc9e7e368ffbcc9f1118243af1193a724de697f",
        "is_secret": false,
        "is_verified": false
      }
    ],
    "app/web/public/swarm/hunt-collusion-0241.json": [
      {
        "type": "Hex High Entropy String",
        "line_number": 1,
        "hashed_secret": "6a0e8f8f9424fd1e757f686f3073274167af75b6",
        "is_secret": false,
        "is_verified": false
      }
    ],
    "app/web/public/swarm/hunt-collusion-0242.json": [
      {
        "type": "Hex High Entropy String",
        "line_number": 1,
        "hashed_secret": "4b22a09b66542ad44ceb1fa2ed37103084836f2e",
        "is_secret": false,
        "is_verified": false
      }
    ],
    "app/web/public/swarm/hunt-collusion-0243.json": [
      {
        "type": "Hex High Entropy String",
        "line_number": 1,
        "hashed_secret": "f82a09272a029d2eb9c52d5608ccc4712d3bd0d9",
        "is_secret": false,
        "is_verified": false
      }
    ],
    "app/web/public/swarm/hunt-collusion-0244.json": [
      {
        "type": "Hex High Entropy String",
        "line_number": 1,
        "hashed_secret": "1d99d6be95337ba0504d2851ea70a8a8c4df9c64",
        "is_secret": false,
        "is_verified": false
      }
    ],
    "app/web/public/swarm/hunt-collusion-0245.json": [
      {
        "type": "Hex High Entropy String",
        "line_number": 1,
        "hashed_secret": "96f26a670586570d571b1c7f0d83b7adca11a634",
        "is_secret": false,
        "is_verified": false
      }
    ],
    "app/web/public/swarm/hunt-collusion-0246.json": [
      {
        "type": "Hex High Entropy String",
        "line_number": 1,
        "hashed_secret": "71b3f4211827f01ef4a0b1123d6dc7a0d337bc73",
        "is_secret": false,
        "is_verified": false
      }
    ],
    "app/web/public/swarm/hunt-collusion-0247.json": [
      {
        "type": "Hex High Entropy String",
        "line_number": 1,
        "hashed_secret": "28b9e72a21ebeef4d226043ab0d8379c26f4b220",
        "is_secret": false,
        "is_verified": false
      }
    ],
    "app/web/public/swarm/hunt-collusion-0248.json": [
      {
        "type": "Hex High Entropy String",
        "line_number": 1,
        "hashed_secret": "6c16d68ba30fe4299192c2d62a3ff27cb384a299",
        "is_secret": false,
        "is_verified": false
      }
    ],
    "app/web/public/swarm/hunt-collusion-0249.json": [
      {
        "type": "Hex High Entropy String",
        "line_number": 1,
        "hashed_secret": "016d6a055aec790c84449b8acb319aee054aeb88",
        "is_secret": false,
        "is_verified": false
      }
    ],
    "app/web/public/swarm/hunt-collusion-0250.json": [
      {
        "type": "Hex High Entropy String",
        "line_number": 1,
        "hashed_secret": "25fdb507941e2407539d440cf4d5f1e41da07999",
        "is_secret": false,
        "is_verified": false
      }
    ],
    "app/web/public/swarm/hunt-collusion-0251.json": [
      {
        "type": "Hex High Entropy String",
        "line_number": 1,
        "hashed_secret": "f7404fd0fc2793ba5fb8a16700793f8d7d1db6f0",
        "is_secret": false,
        "is_verified": false
      }
    ],
    "app/web/public/swarm/hunt-collusion-0252.json": [
      {
        "type": "Hex High Entropy String",
        "line_number": 1,
        "hashed_secret": "e54b32afad70dfecf3958923afb8c9ca12e45357",
        "is_secret": false,
        "is_verified": false
      }
    ],
    "app/web/public/swarm/hunt-collusion-0253.json": [
      {
        "type": "Hex High Entropy String",
        "line_number": 1,
        "hashed_secret": "63f56de5f059e4e2985ad4a7d7272c876b64b8d1",
        "is_secret": false,
        "is_verified": false
      }
    ],
    "app/web/public/swarm/hunt-collusion-0254.json": [
      {
        "type": "Hex High Entropy String",
        "line_number": 1,
        "hashed_secret": "808b54d5a41838e4687fc74875ecddf364a37416",
        "is_secret": false,
        "is_verified": false
      }
    ],
    "app/web/public/swarm/hunt-collusion-0255.json": [
      {
        "type": "Hex High Entropy String",
        "line_number": 1,
        "hashed_secret": "3da8272d443f2d5090380d42b65cd71f9d6d5cd6",
        "is_secret": false,
        "is_verified": false
      }
    ],
    "app/web/public/swarm/hunt-collusion-0256.json": [
      {
        "type": "Hex High Entropy String",
        "line_number": 1,
        "hashed_secret": "6a7e6a76cff593331375502279016adebcb39051",
        "is_secret": false,
        "is_verified": false
      }
    ],
    "app/web/public/swarm/hunt-collusion-0257.json": [
      {
        "type": "Hex High Entropy String",
        "line_number": 1,
        "hashed_secret": "3cef5a4f0b43336f6a8ec797b2c6daf777ac4119",
        "is_secret": false,
        "is_verified": false
      }
    ],
    "app/web/public/swarm/hunt-collusion-0258.json": [
      {
        "type": "Hex High Entropy String",
        "line_number": 1,
        "hashed_secret": "aea78229f5d73d77b2375b8620d9331b9c3f815f",
        "is_secret": false,
        "is_verified": false
      }
    ],
    "app/web/public/swarm/hunt-collusion-0259.json": [
      {
        "type": "Hex High Entropy String",
        "line_number": 1,
        "hashed_secret": "c8fbc8404e2b3c6eb30cde99c36b7353a3bbb812",
        "is_secret": false,
        "is_verified": false
      }
    ],
    "app/web/public/swarm/hunt-collusion-0260.json": [
      {
        "type": "Hex High Entropy String",
        "line_number": 1,
        "hashed_secret": "1b19d81c44fb9be1e13b66fc0de9da7f5151db73",
        "is_secret": false,
        "is_verified": false
      }
    ],
    "app/web/public/swarm/hunt-collusion-0261.json": [
      {
        "type": "Hex High Entropy String",
        "line_number": 1,
        "hashed_secret": "08a3d85525e0dcdce3bf9b4acad0c782e2f06f45",
        "is_secret": false,
        "is_verified": false
      }
    ],
    "app/web/public/swarm/hunt-collusion-0262.json": [
      {
        "type": "Hex High Entropy String",
        "line_number": 1,
        "hashed_secret": "d65848533a9cd5a4d26391c6a128aff5d10da9d8",
        "is_secret": false,
        "is_verified": false
      }
    ],
    "app/web/public/swarm/hunt-collusion-0263.json": [
      {
        "type": "Hex High Entropy String",
        "line_number": 1,
        "hashed_secret": "06ba368930b68c442ac6ce60d7b4e74add148619",
        "is_secret": false,
        "is_verified": false
      }
    ],
    "app/web/public/swarm/hunt-collusion-0264.json": [
      {
        "type": "Hex High Entropy String",
        "line_number": 1,
        "hashed_secret": "4607f4dc6cdd30bb6953cf64683fd661a744761d",
        "is_secret": false,
        "is_verified": false
      }
    ],
    "app/web/public/swarm/hunt-collusion-0265.json": [
      {
        "type": "Hex High Entropy String",
        "line_number": 1,
        "hashed_secret": "5add59f0c87c0fdfb650b55e8489d04376ffc04d",
        "is_secret": false,
        "is_verified": false
      }
    ],
    "app/web/public/swarm/hunt-collusion-0266.json": [
      {
        "type": "Hex High Entropy String",
        "line_number": 1,
        "hashed_secret": "5aa3f8a8b68039758f79f2f95c9aa44edcab9a7e",
        "is_secret": false,
        "is_verified": false
      }
    ],
    "app/web/public/swarm/hunt-collusion-0267.json": [
      {
        "type": "Hex High Entropy String",
        "line_number": 1,
        "hashed_secret": "e25518113f4f441c8d36e933e9c132bf81cbdbee",
        "is_secret": false,
        "is_verified": false
      }
    ],
    "app/web/public/swarm/hunt-collusion-0268.json": [
      {
        "type": "Hex High Entropy String",
        "line_number": 1,
        "hashed_secret": "651bdcd7c5610e14340e65cd171552fbcaa0e7af",
        "is_secret": false,
        "is_verified": false
      }
    ],
    "app/web/public/swarm/hunt-collusion-0269.json": [
      {
        "type": "Hex High Entropy String",
        "line_number": 1,
        "hashed_secret": "b4aacf9e37d26155df4f4bbec562a919648e181e",
        "is_secret": false,
        "is_verified": false
      }
    ],
    "app/web/public/swarm/hunt-collusion-0270.json": [
      {
        "type": "Hex High Entropy String",
        "line_number": 1,
        "hashed_secret": "d739b3cb099a5a564a84ceb96c236c8d257c215a",
        "is_secret": false,
        "is_verified": false
      }
    ],
    "app/web/public/swarm/hunt-collusion-0271.json": [
      {
        "type": "Hex High Entropy String",
        "line_number": 1,
        "hashed_secret": "40550742266e3720adf67562ee18be2b393af614",
        "is_secret": false,
        "is_verified": false
      }
    ],
    "app/web/public/swarm/hunt-collusion-0272.json": [
      {
        "type": "Hex High Entropy String",
        "line_number": 1,
        "hashed_secret": "eb1cb7a27192fc26e71e961010e0a688301af0e0",
        "is_secret": false,
        "is_verified": false
      }
    ],
    "app/web/public/swarm/hunt-collusion-0273.json": [
      {
        "type": "Hex High Entropy String",
        "line_number": 1,
        "hashed_secret": "0bf93f174c3c0151a823a47ff721fc4c362a4875",
        "is_secret": false,
        "is_verified": false
      }
    ],
    "app/web/public/swarm/hunt-collusion-0274.json": [
      {
        "type": "Hex High Entropy String",
        "line_number": 1,
        "hashed_secret": "a5ee957268232b4f374d4d42433567e72034fd94",
        "is_secret": false,
        "is_verified": false
      }
    ],
    "app/web/public/swarm/hunt-collusion-0275.json": [
      {
        "type": "Hex High Entropy String",
        "line_number": 1,
        "hashed_secret": "d13fe9a93e6e9f972e5aa4e6148e7bb6e95b85d3",
        "is_secret": false,
        "is_verified": false
      }
    ],
    "app/web/public/swarm/hunt-collusion-0276.json": [
      {
        "type": "Hex High Entropy String",
        "line_number": 1,
        "hashed_secret": "ce29ec9491e7577470979a4af246aa79a465421f",
        "is_secret": false,
        "is_verified": false
      }
    ],
    "app/web/public/swarm/hunt-collusion-0277.json": [
      {
        "type": "Hex High Entropy String",
        "line_number": 1,
        "hashed_secret": "faec20c184d41dc7fb342ee8456cd837b950cc42",
        "is_secret": false,
        "is_verified": false
      }
    ],
    "app/web/public/swarm/hunt-collusion-0278.json": [
      {
        "type": "Hex High Entropy String",
        "line_number": 1,
        "hashed_secret": "1f467cf5a9a317f06a5321d31f91e2c0ea059a51",
        "is_secret": false,
        "is_verified": false
      }
    ],
    "app/web/public/swarm/hunt-collusion-0279.json": [
      {
        "type": "Hex High Entropy String",
        "line_number": 1,
        "hashed_secret": "d83c45b0776f5d002bd177ba13d82dc6d0f8a838",
        "is_secret": false,
        "is_verified": false
      }
    ],
    "app/web/public/swarm/hunt-collusion-0280.json": [
      {
        "type": "Hex High Entropy String",
        "line_number": 1,
        "hashed_secret": "4dd6e7e095e12c4d80b28929eeb0afd51c394b39",
        "is_secret": false,
        "is_verified": false
      }
    ],
    "app/web/public/swarm/hunt-collusion-0281.json": [
      {
        "type": "Hex High Entropy String",
        "line_number": 1,
        "hashed_secret": "8958c697a59755d0e8ae833728f7ada0c88cca57",
        "is_secret": false,
        "is_verified": false
      }
    ],
    "app/web/public/swarm/hunt-collusion-0282.json": [
      {
        "type": "Hex High Entropy String",
        "line_number": 1,
        "hashed_secret": "bb4f62dfbf81ded43aee75fe19b544f0f89694d6",
        "is_secret": false,
        "is_verified": false
      }
    ],
    "app/web/public/swarm/hunt-collusion-0283.json": [
      {
        "type": "Hex High Entropy String",
        "line_number": 1,
        "hashed_secret": "28fbee96b016d4453730379807c71237d366ce27",
        "is_secret": false,
        "is_verified": false
      }
    ],
    "app/web/public/swarm/hunt-collusion-0284.json": [
      {
        "type": "Hex High Entropy String",
        "line_number": 1,
        "hashed_secret": "92241903d4927949d5073a176e67b7904eade70b",
        "is_secret": false,
        "is_verified": false
      }
    ],
    "app/web/public/swarm/hunt-collusion-0285.json": [
      {
        "type": "Hex High Entropy String",
        "line_number": 1,
        "hashed_secret": "38b897e4f31cfbeeb1a63e3b9b79290889924e34",
        "is_secret": false,
        "is_verified": false
      }
    ],
    "app/web/public/swarm/hunt-collusion-0286.json": [
      {
        "type": "Hex High Entropy String",
        "line_number": 1,
        "hashed_secret": "d6552cbb87ba485f09938c6b794ac7e9116c9bd8",
        "is_secret": false,
        "is_verified": false
      }
    ],
    "app/web/public/swarm/hunt-collusion-0287.json": [
      {
        "type": "Hex High Entropy String",
        "line_number": 1,
        "hashed_secret": "deeedadae4794620027d19baf9472377679346e0",
        "is_secret": false,
        "is_verified": false
      }
    ],
    "app/web/public/swarm/hunt-collusion-0288.json": [
      {
        "type": "Hex High Entropy String",
        "line_number": 1,
        "hashed_secret": "f50baa7e031b185688f3d9618bb801900d6449de",
        "is_secret": false,
        "is_verified": false
      }
    ],
    "app/web/public/swarm/hunt-collusion-0289.json": [
      {
        "type": "Hex High Entropy String",
        "line_number": 1,
        "hashed_secret": "3d65298064e145a109db00918a8961c8249484f4",
        "is_secret": false,
        "is_verified": false
      }
    ],
    "app/web/public/swarm/hunt-collusion-0290.json": [
      {
        "type": "Hex High Entropy String",
        "line_number": 1,
        "hashed_secret": "bce0adcabc32c13f13c695a81c45c6d5372b3621",
        "is_secret": false,
        "is_verified": false
      }
    ],
    "app/web/public/swarm/hunt-collusion-0291.json": [
      {
        "type": "Hex High Entropy String",
        "line_number": 1,
        "hashed_secret": "481ff1b1188f21b204fab079835a6f336f384559",
        "is_secret": false,
        "is_verified": false
      }
    ],
    "app/web/public/swarm/hunt-collusion-0292.json": [
      {
        "type": "Hex High Entropy String",
        "line_number": 1,
        "hashed_secret": "bd698c2a79d8e3888dab110fd0aa9d7af5cb8d6b",
        "is_secret": false,
        "is_verified": false
      }
    ],
    "app/web/public/swarm/hunt-collusion-0293.json": [
      {
        "type": "Hex High Entropy String",
        "line_number": 1,
        "hashed_secret": "09309ffadfe684e478805ac9b80269dd196d32c4",
        "is_secret": false,
        "is_verified": false
      }
    ],
    "app/web/public/swarm/hunt-collusion-0294.json": [
      {
        "type": "Hex High Entropy String",
        "line_number": 1,
        "hashed_secret": "d11c763607e207614185dec7b3cda1d232e5ee9c",
        "is_secret": false,
        "is_verified": false
      }
    ],
    "app/web/public/swarm/hunt-collusion-0295.json": [
      {
        "type": "Hex High Entropy String",
        "line_number": 1,
        "hashed_secret": "6bd8a698b284d5a357025ad521685f0d49f1c35f",
        "is_secret": false,
        "is_verified": false
      }
    ],
    "app/web/public/swarm/hunt-collusion-0296.json": [
      {
        "type": "Hex High Entropy String",
        "line_number": 1,
        "hashed_secret": "1d381756f3592bf134a9119e9a19562069bde562",
        "is_secret": false,
        "is_verified": false
      }
    ],
    "app/web/public/swarm/hunt-collusion-0297.json": [
      {
        "type": "Hex High Entropy String",
        "line_number": 1,
        "hashed_secret": "3cd82478a82113f14ea1e26ba80df4938b945612",
        "is_secret": false,
        "is_verified": false
      }
    ],
    "app/web/public/swarm/hunt-collusion-0298.json": [
      {
        "type": "Hex High Entropy String",
        "line_number": 1,
        "hashed_secret": "5af9356cd50d6d69e8030250f59084fd53e50d97",
        "is_secret": false,
        "is_verified": false
      }
    ],
    "app/web/public/swarm/hunt-collusion-0299.json": [
      {
        "type": "Hex High Entropy String",
        "line_number": 1,
        "hashed_secret": "3a95021347cfeac8e4257bfeccde8cc21e27b7c1",
        "is_secret": false,
        "is_verified": false
      }
    ],
    "app/web/public/swarm/hunt-collusion-0300.json": [
      {
        "type": "Hex High Entropy String",
        "line_number": 1,
        "hashed_secret": "be2a7071e3fb89a29b5b55f2cc368c05dc5fd24d",
        "is_secret": false,
        "is_verified": false
      }
    ],
    "app/web/public/swarm/hunt-collusion-0301.json": [
      {
        "type": "Hex High Entropy String",
        "line_number": 1,
        "hashed_secret": "1448f43494b64fbf07a6bd52ab7069b107067f5b",
        "is_secret": false,
        "is_verified": false
      }
    ],
    "app/web/public/swarm/hunt-collusion-0302.json": [
      {
        "type": "Hex High Entropy String",
        "line_number": 1,
        "hashed_secret": "9b82c7769b425133b8d935368f9bd279fd592eab",
        "is_secret": false,
        "is_verified": false
      }
    ],
    "app/web/public/swarm/hunt-collusion-0303.json": [
      {
        "type": "Hex High Entropy String",
        "line_number": 1,
        "hashed_secret": "16c2b4787ff458a45663ddb926d49b064372d846",
        "is_secret": false,
        "is_verified": false
      }
    ],
    "app/web/public/swarm/hunt-collusion-0304.json": [
      {
        "type": "Hex High Entropy String",
        "line_number": 1,
        "hashed_secret": "ef550201985af76fa195d589f5688fe2af4c5318",
        "is_secret": false,
        "is_verified": false
      }
    ],
    "app/web/public/swarm/hunt-collusion-0305.json": [
      {
        "type": "Hex High Entropy String",
        "line_number": 1,
        "hashed_secret": "41f41eaef1d70c6a3b4f510ad495be6b71e39a75",
        "is_secret": false,
        "is_verified": false
      }
    ],
    "app/web/public/swarm/hunt-collusion-0306.json": [
      {
        "type": "Hex High Entropy String",
        "line_number": 1,
        "hashed_secret": "50fb68a3877ca7bb0a32bd15028c9acd51b076a3",
        "is_secret": false,
        "is_verified": false
      }
    ],
    "app/web/public/swarm/hunt-collusion-0307.json": [
      {
        "type": "Hex High Entropy String",
        "line_number": 1,
        "hashed_secret": "b08e02c08cd0afbecfe8c4fb97c2ef2843269aa3",
        "is_secret": false,
        "is_verified": false
      }
    ],
    "app/web/public/swarm/hunt-collusion-0308.json": [
      {
        "type": "Hex High Entropy String",
        "line_number": 1,
        "hashed_secret": "41f1af2a4be8d7b979828a226fc77604788d0bbd",
        "is_secret": false,
        "is_verified": false
      }
    ],
    "app/web/public/swarm/hunt-collusion-0309.json": [
      {
        "type": "Hex High Entropy String",
        "line_number": 1,
        "hashed_secret": "b2d0be4702e76c925c81ff62f0ac5e1dc642b7a7",
        "is_secret": false,
        "is_verified": false
      }
    ],
    "app/web/public/swarm/hunt-collusion-0310.json": [
      {
        "type": "Hex High Entropy String",
        "line_number": 1,
        "hashed_secret": "4c1991fd02d8c5c722e8785c6efa076031c1d0a1",
        "is_secret": false,
        "is_verified": false
      }
    ],
    "app/web/public/swarm/hunt-collusion-0311.json": [
      {
        "type": "Hex High Entropy String",
        "line_number": 1,
        "hashed_secret": "464f5df6deba5f9422c8a5a260fdabe91013bf2e",
        "is_secret": false,
        "is_verified": false
      }
    ],
    "app/web/public/swarm/hunt-collusion-0312.json": [
      {
        "type": "Hex High Entropy String",
        "line_number": 1,
        "hashed_secret": "40c542a288d2667bc1cdeb73a572ed0876164aa6",
        "is_secret": false,
        "is_verified": false
      }
    ],
    "app/web/public/swarm/hunt-collusion-0313.json": [
      {
        "type": "Hex High Entropy String",
        "line_number": 1,
        "hashed_secret": "37fc3f63f72b31b8a671686b51f336e1e6e30a3f",
        "is_secret": false,
        "is_verified": false
      }
    ],
    "app/web/public/swarm/hunt-collusion-0314.json": [
      {
        "type": "Hex High Entropy String",
        "line_number": 1,
        "hashed_secret": "263bed1ed4aa74cf3c01834738ba60a939a72ca2",
        "is_secret": false,
        "is_verified": false
      }
    ],
    "app/web/public/swarm/hunt-collusion-0315.json": [
      {
        "type": "Hex High Entropy String",
        "line_number": 1,
        "hashed_secret": "0f6e983692a898c288059fb98c89bf0eda98b153",
        "is_secret": false,
        "is_verified": false
      }
    ],
    "app/web/public/swarm/hunt-collusion-0316.json": [
      {
        "type": "Hex High Entropy String",
        "line_number": 1,
        "hashed_secret": "79cb7729d8b4f5b4477cdb036df7b0f4cb529b26",
        "is_secret": false,
        "is_verified": false
      }
    ],
    "app/web/public/swarm/hunt-collusion-0317.json": [
      {
        "type": "Hex High Entropy String",
        "line_number": 1,
        "hashed_secret": "08ec728767fbae1d260455d968d4fc4a66c829b7",
        "is_secret": false,
        "is_verified": false
      }
    ],
    "app/web/public/swarm/hunt-collusion-0318.json": [
      {
        "type": "Hex High Entropy String",
        "line_number": 1,
        "hashed_secret": "99841ae2c3decf6a9fd1fc1e343897fc957ad7f3",
        "is_secret": false,
        "is_verified": false
      }
    ],
    "app/web/public/swarm/hunt-collusion-0319.json": [
      {
        "type": "Hex High Entropy String",
        "line_number": 1,
        "hashed_secret": "e54caa43634c570159d1159f7274eabba5128e48",
        "is_secret": false,
        "is_verified": false
      }
    ],
    "app/web/public/swarm/hunt-collusion-0320.json": [
      {
        "type": "Hex High Entropy String",
        "line_number": 1,
        "hashed_secret": "676ffff7736fb44c3318ff85337b97fa2b5cc55b",
        "is_secret": false,
        "is_verified": false
      }
    ],
    "app/web/public/swarm/hunt-collusion-0321.json": [
      {
        "type": "Hex High Entropy String",
        "line_number": 1,
        "hashed_secret": "0c2c3d4f9c842d3ee3f6b73f940308a35ed8a695",
        "is_secret": false,
        "is_verified": false
      }
    ],
    "app/web/public/swarm/hunt-collusion-0322.json": [
      {
        "type": "Hex High Entropy String",
        "line_number": 1,
        "hashed_secret": "ffeed5b9260be17b68b3b10d473365aa77a6f5ce",
        "is_secret": false,
        "is_verified": false
      }
    ],
    "app/web/public/swarm/hunt-collusion-0323.json": [
      {
        "type": "Hex High Entropy String",
        "line_number": 1,
        "hashed_secret": "5dd79ce229256ad21a6d75ca6f20488fb4d59cb4",
        "is_secret": false,
        "is_verified": false
      }
    ],
    "app/web/public/swarm/hunt-collusion-0324.json": [
      {
        "type": "Hex High Entropy String",
        "line_number": 1,
        "hashed_secret": "44cd4eaddaa410ef4c5d28b599847960986dbf0f",
        "is_secret": false,
        "is_verified": false
      }
    ],
    "app/web/public/swarm/hunt-collusion-0325.json": [
      {
        "type": "Hex High Entropy String",
        "line_number": 1,
        "hashed_secret": "964eb1404b828dda644079dd88d33392423a6d12",
        "is_secret": false,
        "is_verified": false
      }
    ],
    "app/web/public/swarm/hunt-collusion-0326.json": [
      {
        "type": "Hex High Entropy String",
        "line_number": 1,
        "hashed_secret": "4599730b8e55e077aa7978ffaa3c5742266d8f8d",
        "is_secret": false,
        "is_verified": false
      }
    ],
    "app/web/public/swarm/hunt-collusion-0327.json": [
      {
        "type": "Hex High Entropy String",
        "line_number": 1,
        "hashed_secret": "78a1d2b6b0fc699b422017184dc4d09a69891e92",
        "is_secret": false,
        "is_verified": false
      }
    ],
    "app/web/public/swarm/hunt-collusion-0328.json": [
      {
        "type": "Hex High Entropy String",
        "line_number": 1,
        "hashed_secret": "c3f14bb7749392d893c421651f38015e9b66e652",
        "is_secret": false,
        "is_verified": false
      }
    ],
    "app/web/public/swarm/hunt-collusion-0329.json": [
      {
        "type": "Hex High Entropy String",
        "line_number": 1,
        "hashed_secret": "d615377e2fcf286705cd117694d374fcecca621e",
        "is_secret": false,
        "is_verified": false
      }
    ],
    "tests/test_hunt.py": [
      {
        "type": "Basic Auth Credentials",
        "hashed_secret": "1a91d62f7ca67399625a4368a6ab5d4a3baa6073",
        "line_number": 222,
        "is_secret": false,
        "is_verified": false
      }
    ]
  },
  "generated_at": "2026-08-08T11:59:54Z"
}
